Archive member included to satisfy reference by file (symbol)

/opt/st/stm32cubeide_2.0.0/plugins/com.st.stm32cube.ide.mcu.externaltools.gnu-tools-for-stm32.13.3.rel1.linux64_1.0.100.202509120712/tools/bin/../lib/gcc/arm-none-eabi/13.3.1/../../../../arm-none-eabi/lib/thumb/v7e-m+dp/hard/libc_nano.a(libc_a-exit.o)
                              /opt/st/stm32cubeide_2.0.0/plugins/com.st.stm32cube.ide.mcu.externaltools.gnu-tools-for-stm32.13.3.rel1.linux64_1.0.100.202509120712/tools/bin/../lib/gcc/arm-none-eabi/13.3.1/../../../../arm-none-eabi/lib/thumb/v7e-m+dp/hard/crt0.o (exit)
/opt/st/stm32cubeide_2.0.0/plugins/com.st.stm32cube.ide.mcu.externaltools.gnu-tools-for-stm32.13.3.rel1.linux64_1.0.100.202509120712/tools/bin/../lib/gcc/arm-none-eabi/13.3.1/../../../../arm-none-eabi/lib/thumb/v7e-m+dp/hard/libc_nano.a(libc_a-findfp.o)
                              /opt/st/stm32cubeide_2.0.0/plugins/com.st.stm32cube.ide.mcu.externaltools.gnu-tools-for-stm32.13.3.rel1.linux64_1.0.100.202509120712/tools/bin/../lib/gcc/arm-none-eabi/13.3.1/../../../../arm-none-eabi/lib/thumb/v7e-m+dp/hard/libc_nano.a(libc_a-exit.o) (__stdio_exit_handler)
/opt/st/stm32cubeide_2.0.0/plugins/com.st.stm32cube.ide.mcu.externaltools.gnu-tools-for-stm32.13.3.rel1.linux64_1.0.100.202509120712/tools/bin/../lib/gcc/arm-none-eabi/13.3.1/../../../../arm-none-eabi/lib/thumb/v7e-m+dp/hard/libc_nano.a(libc_a-fwalk.o)
                              /opt/st/stm32cubeide_2.0.0/plugins/com.st.stm32cube.ide.mcu.externaltools.gnu-tools-for-stm32.13.3.rel1.linux64_1.0.100.202509120712/tools/bin/../lib/gcc/arm-none-eabi/13.3.1/../../../../arm-none-eabi/lib/thumb/v7e-m+dp/hard/libc_nano.a(libc_a-findfp.o) (_fwalk_sglue)
/opt/st/stm32cubeide_2.0.0/plugins/com.st.stm32cube.ide.mcu.externaltools.gnu-tools-for-stm32.13.3.rel1.linux64_1.0.100.202509120712/tools/bin/../lib/gcc/arm-none-eabi/13.3.1/../../../../arm-none-eabi/lib/thumb/v7e-m+dp/hard/libc_nano.a(libc_a-stdio.o)
                              /opt/st/stm32cubeide_2.0.0/plugins/com.st.stm32cube.ide.mcu.externaltools.gnu-tools-for-stm32.13.3.rel1.linux64_1.0.100.202509120712/tools/bin/../lib/gcc/arm-none-eabi/13.3.1/../../../../arm-none-eabi/lib/thumb/v7e-m+dp/hard/libc_nano.a(libc_a-findfp.o) (__sread)
/opt/st/stm32cubeide_2.0.0/plugins/com.st.stm32cube.ide.mcu.externaltools.gnu-tools-for-stm32.13.3.rel1.linux64_1.0.100.202509120712/tools/bin/../lib/gcc/arm-none-eabi/13.3.1/../../../../arm-none-eabi/lib/thumb/v7e-m+dp/hard/libc_nano.a(libc_a-memset.o)
                              /opt/st/stm32cubeide_2.0.0/plugins/com.st.stm32cube.ide.mcu.externaltools.gnu-tools-for-stm32.13.3.rel1.linux64_1.0.100.202509120712/tools/bin/../lib/gcc/arm-none-eabi/13.3.1/../../../../arm-none-eabi/lib/thumb/v7e-m+dp/hard/crt0.o (memset)
/opt/st/stm32cubeide_2.0.0/plugins/com.st.stm32cube.ide.mcu.externaltools.gnu-tools-for-stm32.13.3.rel1.linux64_1.0.100.202509120712/tools/bin/../lib/gcc/arm-none-eabi/13.3.1/../../../../arm-none-eabi/lib/thumb/v7e-m+dp/hard/libc_nano.a(libc_a-closer.o)
                              /opt/st/stm32cubeide_2.0.0/plugins/com.st.stm32cube.ide.mcu.externaltools.gnu-tools-for-stm32.13.3.rel1.linux64_1.0.100.202509120712/tools/bin/../lib/gcc/arm-none-eabi/13.3.1/../../../../arm-none-eabi/lib/thumb/v7e-m+dp/hard/libc_nano.a(libc_a-stdio.o) (_close_r)
/opt/st/stm32cubeide_2.0.0/plugins/com.st.stm32cube.ide.mcu.externaltools.gnu-tools-for-stm32.13.3.rel1.linux64_1.0.100.202509120712/tools/bin/../lib/gcc/arm-none-eabi/13.3.1/../../../../arm-none-eabi/lib/thumb/v7e-m+dp/hard/libc_nano.a(libc_a-reent.o)
                              /opt/st/stm32cubeide_2.0.0/plugins/com.st.stm32cube.ide.mcu.externaltools.gnu-tools-for-stm32.13.3.rel1.linux64_1.0.100.202509120712/tools/bin/../lib/gcc/arm-none-eabi/13.3.1/../../../../arm-none-eabi/lib/thumb/v7e-m+dp/hard/libc_nano.a(libc_a-closer.o) (errno)
/opt/st/stm32cubeide_2.0.0/plugins/com.st.stm32cube.ide.mcu.externaltools.gnu-tools-for-stm32.13.3.rel1.linux64_1.0.100.202509120712/tools/bin/../lib/gcc/arm-none-eabi/13.3.1/../../../../arm-none-eabi/lib/thumb/v7e-m+dp/hard/libc_nano.a(libc_a-impure.o)
                              /opt/st/stm32cubeide_2.0.0/plugins/com.st.stm32cube.ide.mcu.externaltools.gnu-tools-for-stm32.13.3.rel1.linux64_1.0.100.202509120712/tools/bin/../lib/gcc/arm-none-eabi/13.3.1/../../../../arm-none-eabi/lib/thumb/v7e-m+dp/hard/libc_nano.a(libc_a-reent.o) (_impure_ptr)
/opt/st/stm32cubeide_2.0.0/plugins/com.st.stm32cube.ide.mcu.externaltools.gnu-tools-for-stm32.13.3.rel1.linux64_1.0.100.202509120712/tools/bin/../lib/gcc/arm-none-eabi/13.3.1/../../../../arm-none-eabi/lib/thumb/v7e-m+dp/hard/libc_nano.a(libc_a-lseekr.o)
                              /opt/st/stm32cubeide_2.0.0/plugins/com.st.stm32cube.ide.mcu.externaltools.gnu-tools-for-stm32.13.3.rel1.linux64_1.0.100.202509120712/tools/bin/../lib/gcc/arm-none-eabi/13.3.1/../../../../arm-none-eabi/lib/thumb/v7e-m+dp/hard/libc_nano.a(libc_a-stdio.o) (_lseek_r)
[...]
Memory Configuration

Name             Origin             Length             Attributes
RAM              0x20000000         0x00080000         xrw
FLASH            0x08000000         0x00200000         xr
*default*        0x00000000         0xffffffff

Linker script and memory map

LOAD /opt/st/stm32cubeide_2.0.0/plugins/com.st.stm32cube.ide.mcu.externaltools.gnu-tools-for-stm32.13.3.rel1.linux64_1.0.100.202509120712/tools/bin/../lib/gcc/arm-none-eabi/13.3.1/thumb/v7e-m+dp/hard/crti.o
LOAD /opt/st/stm32cubeide_2.0.0/plugins/com.st.stm32cube.ide.mcu.externaltools.gnu-tools-for-stm32.13.3.rel1.linux64_1.0.100.202509120712/tools/bin/../lib/gcc/arm-none-eabi/13.3.1/thumb/v7e-m+dp/hard/crtbegin.o
LOAD /opt/st/stm32cubeide_2.0.0/plugins/com.st.stm32cube.ide.mcu.externaltools.gnu-tools-for-stm32.13.3.rel1.linux64_1.0.100.202509120712/tools/bin/../lib/gcc/arm-none-eabi/13.3.1/../../../../arm-none-eabi/lib/thumb/v7e-m+dp/hard/crt0.o
LOAD ./Core/Src/dma.o
LOAD ./Core/Src/encplot_main.o
LOAD ./Core/Src/gpio.o
LOAD ./Core/Src/i2c.o
LOAD ./Core/Src/main.o
LOAD ./Core/Src/stm32f7xx_hal_msp.o
LOAD ./Core/Src/stm32f7xx_it.o
LOAD ./Core/Src/syscalls.o
LOAD ./Core/Src/sysmem.o
LOAD ./Core/Src/system_stm32f7xx.o
LOAD ./Core/Src/tim.o
LOAD ./Core/Src/usart.o
LOAD ./Core/Startup/startup_stm32f767zitx.o
LOAD ./Drivers/STM32F7xx_HAL_Driver/Src/stm32f7xx_hal.o
LOAD ./Drivers/STM32F7xx_HAL_Driver/Src/stm32f7xx_hal_cortex.o
LOAD ./Drivers/STM32F7xx_HAL_Driver/Src/stm32f7xx_hal_dma.o
LOAD ./Drivers/STM32F7xx_HAL_Driver/Src/stm32f7xx_hal_dma_ex.o
LOAD ./Drivers/STM32F7xx_HAL_Driver/Src/stm32f7xx_hal_exti.o
LOAD ./Drivers/STM32F7xx_HAL_Driver/Src/stm32f7xx_hal_flash.o
LOAD ./Drivers/STM32F7xx_HAL_Driver/Src/stm32f7xx_hal_flash_ex.o
LOAD ./Drivers/STM32F7xx_HAL_Driver/Src/stm32f7xx_hal_gpio.o
LOAD ./Drivers/STM32F7xx_HAL_Driver/Src/stm32f7xx_hal_i2c.o
LOAD ./Drivers/STM32F7xx_HAL_Driver/Src/stm32f7xx_hal_i2c_ex.o
LOAD ./Drivers/STM32F7xx_HAL_Driver/Src/stm32f7xx_hal_pwr.o
LOAD ./Drivers/STM32F7xx_HAL_Driver/Src/stm32f7xx_hal_pwr_ex.o
LOAD ./Drivers/STM32F7xx_HAL_Driver/Src/stm32f7xx_hal_rcc.o
LOAD ./Drivers/STM32F7xx_HAL_Driver/Src/stm32f7xx_hal_rcc_ex.o
LOAD ./Drivers/STM32F7xx_HAL_Driver/Src/stm32f7xx_hal_tim.o
LOAD ./Drivers/STM32F7xx_HAL_Driver/Src/stm32f7xx_hal_tim_ex.o
LOAD ./Drivers/STM32F7xx_HAL_Driver/Src/stm32f7xx_hal_uart.o
LOAD ./Drivers/STM32F7xx_HAL_Driver/Src/stm32f7xx_hal_uart_ex.o
START GROUP
LOAD /opt/st/stm32cubeide_2.0.0/plugins/com.st.stm32cube.ide.mcu.externaltools.gnu-tools-for-stm32.13.3.rel1.linux64_1.0.100.202509120712/tools/bin/../lib/gcc/arm-none-eabi/13.3.1/../../../../arm-none-eabi/lib/thumb/v7e-m+dp/hard/libc_nano.a
LOAD /opt/st/stm32cubeide_2.0.0/plugins/com.st.stm32cube.ide.mcu.externaltools.gnu-tools-for-stm32.13.3.rel1.linux64_1.0.100.202509120712/tools/bin/../lib/gcc/arm-none-eabi/13.3.1/../../../../arm-none-eabi/lib/thumb/v7e-m+dp/hard/libm.a
END GROUP
START GROUP
LOAD /opt/st/stm32cubeide_2.0.0/plugins/com.st.stm32cube.ide.mcu.externaltools.gnu-tools-for-stm32.13.3.rel1.linux64_1.0.100.202509120712/tools/bin/../lib/gcc/arm-none-eabi/13.3.1/thumb/v7e-m+dp/hard/libgcc.a
LOAD /opt/st/stm32cubeide_2.0.0/plugins/com.st.stm32cube.ide.mcu.externaltools.gnu-tools-for-stm32.13.3.rel1.linux64_1.0.100.202509120712/tools/bin/../lib/gcc/arm-none-eabi/13.3.1/../../../../arm-none-eabi/lib/thumb/v7e-m+dp/hard/libc_nano.a
END GROUP
START GROUP
LOAD /opt/st/stm32cubeide_2.0.0/plugins/com.st.stm32cube.ide.mcu.externaltools.gnu-tools-for-stm32.13.3.rel1.linux64_1.0.100.202509120712/tools/bin/../lib/gcc/arm-none-eabi/13.3.1/thumb/v7e-m+dp/hard/libgcc.a
LOAD /opt/st/stm32cubeide_2.0.0/plugins/com.st.stm32cube.ide.mcu.externaltools.gnu-tools-for-stm32.13.3.rel1.linux64_1.0.100.202509120712/tools/bin/../lib/gcc/arm-none-eabi/13.3.1/../../../../arm-none-eabi/lib/thumb/v7e-m+dp/hard/libc_nano.a
LOAD /opt/st/stm32cubeide_2.0.0/plugins/com.st.stm32cube.ide.mcu.externaltools.gnu-tools-for-stm32.13.3.rel1.linux64_1.0.100.202509120712/tools/bin/../lib/gcc/arm-none-eabi/13.3.1/../../../../arm-none-eabi/lib/thumb/v7e-m+dp/hard/libnosys.a
END GROUP
START GROUP
LOAD /opt/st/stm32cubeide_2.0.0/plugins/com.st.stm32cube.ide.mcu.externaltools.gnu-tools-for-stm32.13.3.rel1.linux64_1.0.100.202509120712/tools/bin/../lib/gcc/arm-none-eabi/13.3.1/thumb/v7e-m+dp/hard/libgcc.a
LOAD /opt/st/stm32cubeide_2.0.0/plugins/com.st.stm32cube.ide.mcu.externaltools.gnu-tools-for-stm32.13.3.rel1.linux64_1.0.100.202509120712/tools/bin/../lib/gcc/arm-none-eabi/13.3.1/../../../../arm-none-eabi/lib/thumb/v7e-m+dp/hard/libc_nano.a
LOAD /opt/st/stm32cubeide_2.0.0/plugins/com.st.stm32cube.ide.mcu.externaltools.gnu-tools-for-stm32.13.3.rel1.linux64_1.0.100.202509120712/tools/bin/../lib/gcc/arm-none-eabi/13.3.1/../../../../arm-none-eabi/lib/thumb/v7e-m+dp/hard/libnosys.a
END GROUP
LOAD /opt/st/stm32cubeide_2.0.0/plugins/com.st.stm32cube.ide.mcu.externaltools.gnu-tools-for-stm32.13.3.rel1.linux64_1.0.100.202509120712/tools/bin/../lib/gcc/arm-none-eabi/13.3.1/thumb/v7e-m+dp/hard/crtend.o
LOAD /opt/st/stm32cubeide_2.0.0/plugins/com.st.stm32cube.ide.mcu.externaltools.gnu-tools-for-stm32.13.3.rel1.linux64_1.0.100.202509120712/tools/bin/../lib/gcc/arm-none-eabi/13.3.1/thumb/v7e-m+dp/hard/crtn.o
                0x20080000                        _estack = (ORIGIN (RAM) + LENGTH (RAM))
                0x00000200                        _Min_Heap_Size = 0x200
                0x00000400                        _Min_Stack_Size = 0x400

.isr_vector     0x08000000      0x1f8
                0x08000000                        . = ALIGN (0x4)
 *(.isr_vector)
 .isr_vector    0x08000000      0x1f8 ./Core/Startup/startup_stm32f767zitx.o
                0x08000000                g_pfnVectors
                0x080001f8                        . = ALIGN (0x4)

.text           0x080001f8     0x6d00
                0x080001f8                        . = ALIGN (0x4)
 *(.text)
 .text          0x080001f8       0x40 /opt/st/stm32cubeide_2.0.0/plugins/com.st.stm32cube.ide.mcu.externaltools.gnu-tools-for-stm32.13.3.rel1.linux64_1.0.100.202509120712/tools/bin/../lib/gcc/arm-none-eabi/13.3.1/thumb/v7e-m+dp/hard/crtbegin.o
 .text          0x08000238       0x30 /opt/st/stm32cubeide_2.0.0/plugins/com.st.stm32cube.ide.mcu.externaltools.gnu-tools-for-stm32.13.3.rel1.linux64_1.0.100.202509120712/tools/bin/../lib/gcc/arm-none-eabi/13.3.1/thumb/v7e-m+dp/hard/libgcc.a(_aeabi_uldivmod.o)
                0x08000238                __aeabi_uldivmod
 .text          0x08000268      0x2f8 /opt/st/stm32cubeide_2.0.0/plugins/com.st.stm32cube.ide.mcu.externaltools.gnu-tools-for-stm32.13.3.rel1.linux64_1.0.100.202509120712/tools/bin/../lib/gcc/arm-none-eabi/13.3.1/thumb/v7e-m+dp/hard/libgcc.a(_udivmoddi4.o)
                0x08000268                __udivmoddi4
 .text          0x08000560        0x4 /opt/st/stm32cubeide_2.0.0/plugins/com.st.stm32cube.ide.mcu.externaltools.gnu-tools-for-stm32.13.3.rel1.linux64_1.0.100.202509120712/tools/bin/../lib/gcc/arm-none-eabi/13.3.1/thumb/v7e-m+dp/hard/libgcc.a(_dvmd_tls.o)
                0x08000560                __aeabi_ldiv0
                0x08000560                __aeabi_idiv0
 *(.text*)
 .text.MX_DMA_Init
                0x08000564       0x6c ./Core/Src/dma.o
                0x08000564                MX_DMA_Init
 .text.as5600_read_angle
                0x080005d0       0x58 ./Core/Src/encplot_main.o
 .text.as5600_reset_calibration
                0x08000628       0x7c ./Core/Src/encplot_main.o
 .text.telemetry_send
                0x080006a4       0x8c ./Core/Src/encplot_main.o
 .text.diagnostic_send
                0x08000730      0x1d8 ./Core/Src/encplot_main.o
 .text.check_command
                0x08000908       0x30 ./Core/Src/encplot_main.o
 .text.encplot_init
                0x08000938       0x5c ./Core/Src/encplot_main.o
                0x08000938                encplot_init
 .text.encplot_loop
                0x08000994       0x16 ./Core/Src/encplot_main.o
                0x08000994                encplot_loop
 *fill*         0x080009aa        0x2 
 .text.MX_GPIO_Init
                0x080009ac       0xe8 ./Core/Src/gpio.o
                0x080009ac                MX_GPIO_Init
 .text.MX_I2C1_Init
                0x08000a94       0x80 ./Core/Src/i2c.o
                0x08000a94                MX_I2C1_Init
 .text.MX_I2C2_Init
                0x08000b14       0x80 ./Core/Src/i2c.o
                0x08000b14                MX_I2C2_Init
 .text.MX_I2C3_Init
                0x08000b94       0x80 ./Core/Src/i2c.o
                0x08000b94                MX_I2C3_Init
 .text.MX_I2C4_Init
                0x08000c14       0x80 ./Core/Src/i2c.o
                0x08000c14                MX_I2C4_Init
 .text.HAL_I2C_MspInit
                0x08000c94      0x4d0 ./Core/Src/i2c.o
                0x08000c94                HAL_I2C_MspInit
 .text.main     0x08001164       0x3a ./Core/Src/main.o
                0x08001164                main
 *fill*         0x0800119e        0x2 
 .text.SystemClock_Config
                0x080011a0       0xe4 ./Core/Src/main.o
                0x080011a0                SystemClock_Config
 .text.MPU_Config
                0x08001284       0x58 ./Core/Src/main.o
 .text.Error_Handler
                0x080012dc        0xc ./Core/Src/main.o
                0x080012dc                Error_Handler
 .text.HAL_MspInit
                0x080012e8       0x48 ./Core/Src/stm32f7xx_hal_msp.o
                0x080012e8                HAL_MspInit
 .text.NMI_Handler
                0x08001330        0x8 ./Core/Src/stm32f7xx_it.o
                0x08001330                NMI_Handler
 .text.HardFault_Handler
                0x08001338        0x8 ./Core/Src/stm32f7xx_it.o
                0x08001338                HardFault_Handler
 .text.MemManage_Handler
                0x08001340        0x8 ./Core/Src/stm32f7xx_it.o
                0x08001340                MemManage_Handler
 .text.BusFault_Handler
                0x08001348        0x8 ./Core/Src/stm32f7xx_it.o
                0x08001348                BusFault_Handler
 .text.UsageFault_Handler
                0x08001350        0x8 ./Core/Src/stm32f7xx_it.o
                0x08001350                UsageFault_Handler
 .text.SVC_Handler
                0x08001358        0xe ./Core/Src/stm32f7xx_it.o
                0x08001358                SVC_Handler
 .text.DebugMon_Handler
                0x08001366        0xe ./Core/Src/stm32f7xx_it.o
                0x08001366                DebugMon_Handler
 .text.PendSV_Handler
                0x08001374        0xe ./Core/Src/stm32f7xx_it.o
                0x08001374                PendSV_Handler
 .text.SysTick_Handler
                0x08001382        0xc ./Core/Src/stm32f7xx_it.o
                0x08001382                SysTick_Handler
 *fill*         0x0800138e        0x2 
 .text.DMA1_Stream0_IRQHandler
                0x08001390       0x14 ./Core/Src/stm32f7xx_it.o
                0x08001390                DMA1_Stream0_IRQHandler
 .text.DMA1_Stream1_IRQHandler
                0x080013a4       0x14 ./Core/Src/stm32f7xx_it.o
                0x080013a4                DMA1_Stream1_IRQHandler
 .text.DMA1_Stream2_IRQHandler
                0x080013b8       0x14 ./Core/Src/stm32f7xx_it.o
                0x080013b8                DMA1_Stream2_IRQHandler
 .text.DMA1_Stream3_IRQHandler
                0x080013cc       0x14 ./Core/Src/stm32f7xx_it.o
                0x080013cc                DMA1_Stream3_IRQHandler
 .text.USART3_IRQHandler
                0x080013e0       0x14 ./Core/Src/stm32f7xx_it.o
                0x080013e0                USART3_IRQHandler
 .text.TIM1_UP_TIM10_IRQHandler
                0x080013f4       0x14 ./Core/Src/stm32f7xx_it.o
                0x080013f4                TIM1_UP_TIM10_IRQHandler
 .text.I2C1_EV_IRQHandler
                0x08001408       0x14 ./Core/Src/stm32f7xx_it.o
                0x08001408                I2C1_EV_IRQHandler
 .text.I2C1_ER_IRQHandler
                0x0800141c       0x14 ./Core/Src/stm32f7xx_it.o
                0x0800141c                I2C1_ER_IRQHandler
 .text.I2C2_EV_IRQHandler
                0x08001430       0x14 ./Core/Src/stm32f7xx_it.o
                0x08001430                I2C2_EV_IRQHandler
 .text.I2C2_ER_IRQHandler
                0x08001444       0x14 ./Core/Src/stm32f7xx_it.o
                0x08001444                I2C2_ER_IRQHandler
 .text.I2C3_EV_IRQHandler
                0x08001458       0x14 ./Core/Src/stm32f7xx_it.o
                0x08001458                I2C3_EV_IRQHandler
 .text.I2C3_ER_IRQHandler
                0x0800146c       0x14 ./Core/Src/stm32f7xx_it.o
                0x0800146c                I2C3_ER_IRQHandler
 .text.I2C4_EV_IRQHandler
                0x08001480       0x14 ./Core/Src/stm32f7xx_it.o
                0x08001480                I2C4_EV_IRQHandler
 .text.I2C4_ER_IRQHandler
                0x08001494       0x14 ./Core/Src/stm32f7xx_it.o
                0x08001494                I2C4_ER_IRQHandler
 .text.SystemInit
                0x080014a8       0x24 ./Core/Src/system_stm32f7xx.o
                0x080014a8                SystemInit
 .text.MX_TIM1_Init
                0x080014cc       0xa8 ./Core/Src/tim.o
                0x080014cc                MX_TIM1_Init
 .text.HAL_TIM_Base_MspInit
                0x08001574       0x4c ./Core/Src/tim.o
                0x08001574                HAL_TIM_Base_MspInit
 .text.MX_USART3_UART_Init
                0x080015c0       0x60 ./Core/Src/usart.o
                0x080015c0                MX_USART3_UART_Init
 .text.HAL_UART_MspInit
                0x08001620       0xd0 ./Core/Src/usart.o
                0x08001620                HAL_UART_MspInit
 .text.Reset_Handler
                0x080016f0       0x50 ./Core/Startup/startup_stm32f767zitx.o
                0x080016f0                Reset_Handler
 .text.Default_Handler
                0x08001740        0x2 ./Core/Startup/startup_stm32f767zitx.o
                0x08001740                RTC_Alarm_IRQHandler
                0x08001740                EXTI2_IRQHandler
                0x08001740                TIM8_CC_IRQHandler
                0x08001740                UART8_IRQHandler
                0x08001740                SPI4_IRQHandler
                0x08001740                TIM1_CC_IRQHandler
                0x08001740                DMA2_Stream5_IRQHandler
                0x08001740                JPEG_IRQHandler
                0x08001740                DMA1_Stream5_IRQHandler
                0x08001740                CAN3_RX1_IRQHandler
                0x08001740                PVD_IRQHandler
                0x08001740                TAMP_STAMP_IRQHandler
                0x08001740                CAN2_RX1_IRQHandler
                0x08001740                EXTI3_IRQHandler
                0x08001740                TIM8_TRG_COM_TIM14_IRQHandler
                0x08001740                DFSDM1_FLT1_IRQHandler
                0x08001740                TIM8_UP_TIM13_IRQHandler
                0x08001740                DFSDM1_FLT2_IRQHandler
                0x08001740                EXTI0_IRQHandler
                0x08001740                CAN1_RX0_IRQHandler
                0x08001740                FPU_IRQHandler
                0x08001740                OTG_HS_WKUP_IRQHandler
                0x08001740                CAN3_SCE_IRQHandler
                0x08001740                LTDC_ER_IRQHandler
                0x08001740                CAN2_SCE_IRQHandler
                0x08001740                DMA2_Stream2_IRQHandler
                0x08001740                SPI1_IRQHandler
                0x08001740                TIM6_DAC_IRQHandler
                0x08001740                TIM1_BRK_TIM9_IRQHandler
                0x08001740                DCMI_IRQHandler
                0x08001740                CAN2_RX0_IRQHandler
                0x08001740                DMA2_Stream3_IRQHandler
                0x08001740                SAI2_IRQHandler
                0x08001740                DFSDM1_FLT3_IRQHandler
                0x08001740                USART6_IRQHandler
                0x08001740                CAN3_RX0_IRQHandler
                0x08001740                CAN1_RX1_IRQHandler
                0x08001740                UART5_IRQHandler
                0x08001740                DMA2_Stream0_IRQHandler
                0x08001740                TIM4_IRQHandler
                0x08001740                QUADSPI_IRQHandler
                0x08001740                DMA1_Stream6_IRQHandler
                0x08001740                UART4_IRQHandler
                0x08001740                TIM3_IRQHandler
                0x08001740                RCC_IRQHandler
                0x08001740                TIM8_BRK_TIM12_IRQHandler
                0x08001740                Default_Handler
                0x08001740                CEC_IRQHandler
                0x08001740                EXTI15_10_IRQHandler
                0x08001740                ADC_IRQHandler
                0x08001740                DMA1_Stream7_IRQHandler
                0x08001740                SPI5_IRQHandler
                0x08001740                TIM7_IRQHandler
                0x08001740                SDMMC1_IRQHandler
                0x08001740                CAN2_TX_IRQHandler
                0x08001740                TIM5_IRQHandler
                0x08001740                DMA2_Stream7_IRQHandler
                0x08001740                EXTI9_5_IRQHandler
                0x08001740                RTC_WKUP_IRQHandler
                0x08001740                LTDC_IRQHandler
                0x08001740                ETH_WKUP_IRQHandler
                0x08001740                SPDIF_RX_IRQHandler
                0x08001740                SPI2_IRQHandler
                0x08001740                OTG_HS_EP1_IN_IRQHandler
                0x08001740                CAN1_TX_IRQHandler
                0x08001740                EXTI4_IRQHandler
                0x08001740                RNG_IRQHandler
                0x08001740                ETH_IRQHandler
                0x08001740                OTG_HS_EP1_OUT_IRQHandler
                0x08001740                WWDG_IRQHandler
                0x08001740                SPI6_IRQHandler
                0x08001740                MDIOS_IRQHandler
                0x08001740                CAN3_TX_IRQHandler
                0x08001740                TIM2_IRQHandler
                0x08001740                OTG_FS_WKUP_IRQHandler
                0x08001740                TIM1_TRG_COM_TIM11_IRQHandler
                0x08001740                OTG_HS_IRQHandler
                0x08001740                DMA2D_IRQHandler
                0x08001740                EXTI1_IRQHandler
                0x08001740                SDMMC2_IRQHandler
                0x08001740                UART7_IRQHandler
                0x08001740                USART2_IRQHandler
                0x08001740                DFSDM1_FLT0_IRQHandler
                0x08001740                DMA2_Stream1_IRQHandler
                0x08001740                CAN1_SCE_IRQHandler
                0x08001740                FLASH_IRQHandler
                0x08001740                DMA2_Stream4_IRQHandler
                0x08001740                USART1_IRQHandler
                0x08001740                OTG_FS_IRQHandler
                0x08001740                SPI3_IRQHandler
                0x08001740                DMA1_Stream4_IRQHandler
                0x08001740                FMC_IRQHandler
                0x08001740                LPTIM1_IRQHandler
                0x08001740                DMA2_Stream6_IRQHandler
                0x08001740                SAI1_IRQHandler
 .text.HAL_Init
                0x08001742       0x1a ./Drivers/STM32F7xx_HAL_Driver/Src/stm32f7xx_hal.o
                0x08001742                HAL_Init
 .text.HAL_InitTick
                0x0800175c       0x60 ./Drivers/STM32F7xx_HAL_Driver/Src/stm32f7xx_hal.o
                0x0800175c                HAL_InitTick
 .text.HAL_IncTick
                0x080017bc       0x28 ./Drivers/STM32F7xx_HAL_Driver/Src/stm32f7xx_hal.o
                0x080017bc                HAL_IncTick
 .text.HAL_GetTick
                0x080017e4       0x18 ./Drivers/STM32F7xx_HAL_Driver/Src/stm32f7xx_hal.o
                0x080017e4                HAL_GetTick
 .text.HAL_Delay
                0x080017fc       0x48 ./Drivers/STM32F7xx_HAL_Driver/Src/stm32f7xx_hal.o
                0x080017fc                HAL_Delay
 .text.__NVIC_SetPriorityGrouping
                0x08001844       0x48 ./Drivers/STM32F7xx_HAL_Driver/Src/stm32f7xx_hal_cortex.o
 .text.__NVIC_GetPriorityGrouping
                0x0800188c       0x1c ./Drivers/STM32F7xx_HAL_Driver/Src/stm32f7xx_hal_cortex.o
 .text.__NVIC_EnableIRQ
                0x080018a8       0x3c ./Drivers/STM32F7xx_HAL_Driver/Src/stm32f7xx_hal_cortex.o
 .text.__NVIC_SetPriority
                0x080018e4       0x54 ./Drivers/STM32F7xx_HAL_Driver/Src/stm32f7xx_hal_cortex.o
 .text.NVIC_EncodePriority
                0x08001938       0x66 ./Drivers/STM32F7xx_HAL_Driver/Src/stm32f7xx_hal_cortex.o
 *fill*         0x0800199e        0x2 
 .text.SysTick_Config
                0x080019a0       0x44 ./Drivers/STM32F7xx_HAL_Driver/Src/stm32f7xx_hal_cortex.o
 .text.HAL_NVIC_SetPriorityGrouping
                0x080019e4       0x16 ./Drivers/STM32F7xx_HAL_Driver/Src/stm32f7xx_hal_cortex.o
                0x080019e4                HAL_NVIC_SetPriorityGrouping
 .text.HAL_NVIC_SetPriority
                0x080019fa       0x38 ./Drivers/STM32F7xx_HAL_Driver/Src/stm32f7xx_hal_cortex.o
                0x080019fa                HAL_NVIC_SetPriority
 .text.HAL_NVIC_EnableIRQ
                0x08001a32       0x1c ./Drivers/STM32F7xx_HAL_Driver/Src/stm32f7xx_hal_cortex.o
                0x08001a32                HAL_NVIC_EnableIRQ
 .text.HAL_SYSTICK_Config
                0x08001a4e       0x18 ./Drivers/STM32F7xx_HAL_Driver/Src/stm32f7xx_hal_cortex.o
                0x08001a4e                HAL_SYSTICK_Config
 *fill*         0x08001a66        0x2 
 .text.HAL_MPU_Disable
                0x08001a68       0x30 ./Drivers/STM32F7xx_HAL_Driver/Src/stm32f7xx_hal_cortex.o
                0x08001a68                HAL_MPU_Disable
 .text.HAL_MPU_Enable
                0x08001a98       0x40 ./Drivers/STM32F7xx_HAL_Driver/Src/stm32f7xx_hal_cortex.o
                0x08001a98                HAL_MPU_Enable
 .text.HAL_MPU_ConfigRegion
                0x08001ad8       0x80 ./Drivers/STM32F7xx_HAL_Driver/Src/stm32f7xx_hal_cortex.o
                0x08001ad8                HAL_MPU_ConfigRegion
 .text.HAL_DMA_Init
                0x08001b58      0x15c ./Drivers/STM32F7xx_HAL_Driver/Src/stm32f7xx_hal_dma.o
                0x08001b58                HAL_DMA_Init
 .text.HAL_DMA_Abort
                0x08001cb4       0xe0 ./Drivers/STM32F7xx_HAL_Driver/Src/stm32f7xx_hal_dma.o
                0x08001cb4                HAL_DMA_Abort
 .text.HAL_DMA_Abort_IT
                0x08001d94       0x44 ./Drivers/STM32F7xx_HAL_Driver/Src/stm32f7xx_hal_dma.o
                0x08001d94                HAL_DMA_Abort_IT
 .text.HAL_DMA_IRQHandler
                0x08001dd8      0x314 ./Drivers/STM32F7xx_HAL_Driver/Src/stm32f7xx_hal_dma.o
                0x08001dd8                HAL_DMA_IRQHandler
 .text.HAL_DMA_GetState
                0x080020ec       0x1c ./Drivers/STM32F7xx_HAL_Driver/Src/stm32f7xx_hal_dma.o
                0x080020ec                HAL_DMA_GetState
 .text.DMA_CalcBaseAndBitshift
                0x08002108       0x6c ./Drivers/STM32F7xx_HAL_Driver/Src/stm32f7xx_hal_dma.o
 .text.DMA_CheckFifoParam
                0x08002174       0xf8 ./Drivers/STM32F7xx_HAL_Driver/Src/stm32f7xx_hal_dma.o
 .text.HAL_GPIO_Init
                0x0800226c      0x358 ./Drivers/STM32F7xx_HAL_Driver/Src/stm32f7xx_hal_gpio.o
                0x0800226c                HAL_GPIO_Init
 .text.HAL_GPIO_WritePin
                0x080025c4       0x32 ./Drivers/STM32F7xx_HAL_Driver/Src/stm32f7xx_hal_gpio.o
                0x080025c4                HAL_GPIO_WritePin
 *fill*         0x080025f6        0x2 
 .text.HAL_I2C_Init
                0x080025f8      0x138 ./Drivers/STM32F7xx_HAL_Driver/Src/stm32f7xx_hal_i2c.o
                0x080025f8                HAL_I2C_Init
 .text.HAL_I2C_Mem_Write
                0x08002730      0x228 ./Drivers/STM32F7xx_HAL_Driver/Src/stm32f7xx_hal_i2c.o
                0x08002730                HAL_I2C_Mem_Write
 .text.HAL_I2C_Mem_Read
                0x08002958      0x234 ./Drivers/STM32F7xx_HAL_Driver/Src/stm32f7xx_hal_i2c.o
                0x08002958                HAL_I2C_Mem_Read
 .text.HAL_I2C_IsDeviceReady
                0x08002b8c      0x20c ./Drivers/STM32F7xx_HAL_Driver/Src/stm32f7xx_hal_i2c.o
                0x08002b8c                HAL_I2C_IsDeviceReady
 .text.HAL_I2C_EV_IRQHandler
                0x08002d98       0x34 ./Drivers/STM32F7xx_HAL_Driver/Src/stm32f7xx_hal_i2c.o
                0x08002d98                HAL_I2C_EV_IRQHandler
 .text.HAL_I2C_ER_IRQHandler
                0x08002dcc       0xc2 ./Drivers/STM32F7xx_HAL_Driver/Src/stm32f7xx_hal_i2c.o
                0x08002dcc                HAL_I2C_ER_IRQHandler
 .text.HAL_I2C_SlaveTxCpltCallback
                0x08002e8e       0x14 ./Drivers/STM32F7xx_HAL_Driver/Src/stm32f7xx_hal_i2c.o
                0x08002e8e                HAL_I2C_SlaveTxCpltCallback
 .text.HAL_I2C_SlaveRxCpltCallback
                0x08002ea2       0x14 ./Drivers/STM32F7xx_HAL_Driver/Src/stm32f7xx_hal_i2c.o
                0x08002ea2                HAL_I2C_SlaveRxCpltCallback
 .text.HAL_I2C_AddrCallback
                0x08002eb6       0x1c ./Drivers/STM32F7xx_HAL_Driver/Src/stm32f7xx_hal_i2c.o
                0x08002eb6                HAL_I2C_AddrCallback
 .text.HAL_I2C_ListenCpltCallback
                0x08002ed2       0x14 ./Drivers/STM32F7xx_HAL_Driver/Src/stm32f7xx_hal_i2c.o
                0x08002ed2                HAL_I2C_ListenCpltCallback
 .text.HAL_I2C_ErrorCallback
                0x08002ee6       0x14 ./Drivers/STM32F7xx_HAL_Driver/Src/stm32f7xx_hal_i2c.o
                0x08002ee6                HAL_I2C_ErrorCallback
 .text.HAL_I2C_AbortCpltCallback
                0x08002efa       0x14 ./Drivers/STM32F7xx_HAL_Driver/Src/stm32f7xx_hal_i2c.o
                0x08002efa                HAL_I2C_AbortCpltCallback
 .text.I2C_Slave_ISR_IT
                0x08002f0e      0x208 ./Drivers/STM32F7xx_HAL_Driver/Src/stm32f7xx_hal_i2c.o
 *fill*         0x08003116        0x2 
 .text.I2C_RequestMemoryWrite
                0x08003118       0xa8 ./Drivers/STM32F7xx_HAL_Driver/Src/stm32f7xx_hal_i2c.o
 .text.I2C_RequestMemoryRead
                0x080031c0       0xa8 ./Drivers/STM32F7xx_HAL_Driver/Src/stm32f7xx_hal_i2c.o
 .text.I2C_ITAddrCplt
                0x08003268      0x108 ./Drivers/STM32F7xx_HAL_Driver/Src/stm32f7xx_hal_i2c.o
 .text.I2C_ITSlaveSeqCplt
                0x08003370       0xbc ./Drivers/STM32F7xx_HAL_Driver/Src/stm32f7xx_hal_i2c.o
 .text.I2C_ITSlaveCplt
                0x0800342c      0x2d4 ./Drivers/STM32F7xx_HAL_Driver/Src/stm32f7xx_hal_i2c.o
 .text.I2C_ITListenCplt
                0x08003700       0xac ./Drivers/STM32F7xx_HAL_Driver/Src/stm32f7xx_hal_i2c.o
 .text.I2C_ITError
                0x080037ac      0x1e0 ./Drivers/STM32F7xx_HAL_Driver/Src/stm32f7xx_hal_i2c.o
 .text.I2C_TreatErrorCallback
                0x0800398c       0x4e ./Drivers/STM32F7xx_HAL_Driver/Src/stm32f7xx_hal_i2c.o
 .text.I2C_Flush_TXDR
                0x080039da       0x48 ./Drivers/STM32F7xx_HAL_Driver/Src/stm32f7xx_hal_i2c.o
 .text.I2C_DMAAbort
                0x08003a22       0x3c ./Drivers/STM32F7xx_HAL_Driver/Src/stm32f7xx_hal_i2c.o
 .text.I2C_WaitOnFlagUntilTimeout
                0x08003a5e       0xb2 ./Drivers/STM32F7xx_HAL_Driver/Src/stm32f7xx_hal_i2c.o
 .text.I2C_WaitOnTXISFlagUntilTimeout
                0x08003b10       0x8e ./Drivers/STM32F7xx_HAL_Driver/Src/stm32f7xx_hal_i2c.o
 .text.I2C_WaitOnSTOPFlagUntilTimeout
                0x08003b9e       0x86 ./Drivers/STM32F7xx_HAL_Driver/Src/stm32f7xx_hal_i2c.o
 .text.I2C_IsErrorOccurred
                0x08003c24      0x1c0 ./Drivers/STM32F7xx_HAL_Driver/Src/stm32f7xx_hal_i2c.o
 .text.I2C_TransferConfig
                0x08003de4       0x64 ./Drivers/STM32F7xx_HAL_Driver/Src/stm32f7xx_hal_i2c.o
 .text.I2C_Disable_IRQ
                0x08003e48       0xbc ./Drivers/STM32F7xx_HAL_Driver/Src/stm32f7xx_hal_i2c.o
 .text.HAL_I2CEx_ConfigAnalogFilter
                0x08003f04       0x96 ./Drivers/STM32F7xx_HAL_Driver/Src/stm32f7xx_hal_i2c_ex.o
                0x08003f04                HAL_I2CEx_ConfigAnalogFilter
 .text.HAL_I2CEx_ConfigDigitalFilter
                0x08003f9a       0x98 ./Drivers/STM32F7xx_HAL_Driver/Src/stm32f7xx_hal_i2c_ex.o
                0x08003f9a                HAL_I2CEx_ConfigDigitalFilter
 *fill*         0x08004032        0x2 
 .text.HAL_PWR_EnableBkUpAccess
                0x08004034       0x20 ./Drivers/STM32F7xx_HAL_Driver/Src/stm32f7xx_hal_pwr.o
                0x08004034                HAL_PWR_EnableBkUpAccess
 .text.HAL_PWREx_EnableOverDrive
                0x08004054       0xa0 ./Drivers/STM32F7xx_HAL_Driver/Src/stm32f7xx_hal_pwr_ex.o
                0x08004054                HAL_PWREx_EnableOverDrive
 .text.HAL_RCC_OscConfig
                0x080040f4      0x55c ./Drivers/STM32F7xx_HAL_Driver/Src/stm32f7xx_hal_rcc.o
                0x080040f4                HAL_RCC_OscConfig
 .text.HAL_RCC_ClockConfig
                0x08004650      0x1d8 ./Drivers/STM32F7xx_HAL_Driver/Src/stm32f7xx_hal_rcc.o
                0x08004650                HAL_RCC_ClockConfig
 .text.HAL_RCC_GetSysClockFreq
                0x08004828      0x20c ./Drivers/STM32F7xx_HAL_Driver/Src/stm32f7xx_hal_rcc.o
                0x08004828                HAL_RCC_GetSysClockFreq
 .text.HAL_RCC_GetHCLKFreq
                0x08004a34       0x18 ./Drivers/STM32F7xx_HAL_Driver/Src/stm32f7xx_hal_rcc.o
                0x08004a34                HAL_RCC_GetHCLKFreq
 .text.HAL_RCC_GetPCLK1Freq
                0x08004a4c       0x28 ./Drivers/STM32F7xx_HAL_Driver/Src/stm32f7xx_hal_rcc.o
                0x08004a4c                HAL_RCC_GetPCLK1Freq
 .text.HAL_RCC_GetPCLK2Freq
                0x08004a74       0x28 ./Drivers/STM32F7xx_HAL_Driver/Src/stm32f7xx_hal_rcc.o
                0x08004a74                HAL_RCC_GetPCLK2Freq
 .text.HAL_RCCEx_PeriphCLKConfig
                0x08004a9c      0x850 ./Drivers/STM32F7xx_HAL_Driver/Src/stm32f7xx_hal_rcc_ex.o
                0x08004a9c                HAL_RCCEx_PeriphCLKConfig
 .text.HAL_TIM_Base_Init
                0x080052ec       0xae ./Drivers/STM32F7xx_HAL_Driver/Src/stm32f7xx_hal_tim.o
                0x080052ec                HAL_TIM_Base_Init
 .text.HAL_TIM_IRQHandler
                0x0800539a      0x20e ./Drivers/STM32F7xx_HAL_Driver/Src/stm32f7xx_hal_tim.o
                0x0800539a                HAL_TIM_IRQHandler
 .text.HAL_TIM_ConfigClockSource
                0x080055a8      0x194 ./Drivers/STM32F7xx_HAL_Driver/Src/stm32f7xx_hal_tim.o
                0x080055a8                HAL_TIM_ConfigClockSource
 .text.HAL_TIM_PeriodElapsedCallback
                0x0800573c       0x14 ./Drivers/STM32F7xx_HAL_Driver/Src/stm32f7xx_hal_tim.o
                0x0800573c                HAL_TIM_PeriodElapsedCallback
 .text.HAL_TIM_OC_DelayElapsedCallback
                0x08005750       0x14 ./Drivers/STM32F7xx_HAL_Driver/Src/stm32f7xx_hal_tim.o
                0x08005750                HAL_TIM_OC_DelayElapsedCallback
 .text.HAL_TIM_IC_CaptureCallback
                0x08005764       0x14 ./Drivers/STM32F7xx_HAL_Driver/Src/stm32f7xx_hal_tim.o
                0x08005764                HAL_TIM_IC_CaptureCallback
 .text.HAL_TIM_PWM_PulseFinishedCallback
                0x08005778       0x14 ./Drivers/STM32F7xx_HAL_Driver/Src/stm32f7xx_hal_tim.o
                0x08005778                HAL_TIM_PWM_PulseFinishedCallback
 .text.HAL_TIM_TriggerCallback
                0x0800578c       0x14 ./Drivers/STM32F7xx_HAL_Driver/Src/stm32f7xx_hal_tim.o
                0x0800578c                HAL_TIM_TriggerCallback
 .text.TIM_Base_SetConfig
                0x080057a0      0x14c ./Drivers/STM32F7xx_HAL_Driver/Src/stm32f7xx_hal_tim.o
                0x080057a0                TIM_Base_SetConfig
 .text.TIM_TI1_ConfigInputStage
                0x080058ec       0x5e ./Drivers/STM32F7xx_HAL_Driver/Src/stm32f7xx_hal_tim.o
 .text.TIM_TI2_ConfigInputStage
                0x0800594a       0x60 ./Drivers/STM32F7xx_HAL_Driver/Src/stm32f7xx_hal_tim.o
 .text.TIM_ITRx_SetConfig
                0x080059aa       0x36 ./Drivers/STM32F7xx_HAL_Driver/Src/stm32f7xx_hal_tim.o
 .text.TIM_ETR_SetConfig
                0x080059e0       0x40 ./Drivers/STM32F7xx_HAL_Driver/Src/stm32f7xx_hal_tim.o
                0x080059e0                TIM_ETR_SetConfig
 .text.HAL_TIMEx_MasterConfigSynchronization
                0x08005a20      0x11c ./Drivers/STM32F7xx_HAL_Driver/Src/stm32f7xx_hal_tim_ex.o
                0x08005a20                HAL_TIMEx_MasterConfigSynchronization
 .text.HAL_TIMEx_CommutCallback
                0x08005b3c       0x14 ./Drivers/STM32F7xx_HAL_Driver/Src/stm32f7xx_hal_tim_ex.o
                0x08005b3c                HAL_TIMEx_CommutCallback
 .text.HAL_TIMEx_BreakCallback
                0x08005b50       0x14 ./Drivers/STM32F7xx_HAL_Driver/Src/stm32f7xx_hal_tim_ex.o
                0x08005b50                HAL_TIMEx_BreakCallback
 .text.HAL_TIMEx_Break2Callback
                0x08005b64       0x14 ./Drivers/STM32F7xx_HAL_Driver/Src/stm32f7xx_hal_tim_ex.o
                0x08005b64                HAL_TIMEx_Break2Callback
 .text.HAL_UART_Init
                0x08005b78       0x9c ./Drivers/STM32F7xx_HAL_Driver/Src/stm32f7xx_hal_uart.o
                0x08005b78                HAL_UART_Init
 .text.HAL_UART_Transmit
                0x08005c14      0x112 ./Drivers/STM32F7xx_HAL_Driver/Src/stm32f7xx_hal_uart.o
                0x08005c14                HAL_UART_Transmit
 .text.HAL_UART_Receive
                0x08005d26      0x190 ./Drivers/STM32F7xx_HAL_Driver/Src/stm32f7xx_hal_uart.o
                0x08005d26                HAL_UART_Receive
 *fill*         0x08005eb6        0x2 
 .text.HAL_UART_IRQHandler
                0x08005eb8      0x604 ./Drivers/STM32F7xx_HAL_Driver/Src/stm32f7xx_hal_uart.o
                0x08005eb8                HAL_UART_IRQHandler
 .text.HAL_UART_TxCpltCallback
                0x080064bc       0x14 ./Drivers/STM32F7xx_HAL_Driver/Src/stm32f7xx_hal_uart.o
                0x080064bc                HAL_UART_TxCpltCallback
 .text.HAL_UART_ErrorCallback
                0x080064d0       0x14 ./Drivers/STM32F7xx_HAL_Driver/Src/stm32f7xx_hal_uart.o
                0x080064d0                HAL_UART_ErrorCallback
 .text.HAL_UARTEx_RxEventCallback
                0x080064e4       0x18 ./Drivers/STM32F7xx_HAL_Driver/Src/stm32f7xx_hal_uart.o
                0x080064e4                HAL_UARTEx_RxEventCallback
 .text.HAL_UARTEx_WakeupCallback
                0x080064fc       0x14 ./Drivers/STM32F7xx_HAL_Driver/Src/stm32f7xx_hal_uart.o
                0x080064fc                HAL_UARTEx_WakeupCallback
 .text.UART_SetConfig
                0x08006510      0x4c8 ./Drivers/STM32F7xx_HAL_Driver/Src/stm32f7xx_hal_uart.o
                0x08006510                UART_SetConfig
 .text.UART_AdvFeatureConfig
                0x080069d8      0x144 ./Drivers/STM32F7xx_HAL_Driver/Src/stm32f7xx_hal_uart.o
                0x080069d8                UART_AdvFeatureConfig
 .text.UART_CheckIdleState
                0x08006b1c      0x150 ./Drivers/STM32F7xx_HAL_Driver/Src/stm32f7xx_hal_uart.o
                0x08006b1c                UART_CheckIdleState
 .text.UART_WaitOnFlagUntilTimeout
                0x08006c6c       0xda ./Drivers/STM32F7xx_HAL_Driver/Src/stm32f7xx_hal_uart.o
                0x08006c6c                UART_WaitOnFlagUntilTimeout
 .text.UART_EndRxTransfer
                0x08006d46       0xc8 ./Drivers/STM32F7xx_HAL_Driver/Src/stm32f7xx_hal_uart.o
 .text.UART_DMAAbortOnError
                0x08006e0e       0x24 ./Drivers/STM32F7xx_HAL_Driver/Src/stm32f7xx_hal_uart.o
 .text.UART_EndTransmit_IT
                0x08006e32       0x54 ./Drivers/STM32F7xx_HAL_Driver/Src/stm32f7xx_hal_uart.o
 .text.memset   0x08006e86       0x10 /opt/st/stm32cubeide_2.0.0/plugins/com.st.stm32cube.ide.mcu.externaltools.gnu-tools-for-stm32.13.3.rel1.linux64_1.0.100.202509120712/tools/bin/../lib/gcc/arm-none-eabi/13.3.1/../../../../arm-none-eabi/lib/thumb/v7e-m+dp/hard/libc_nano.a(libc_a-memset.o)
                0x08006e86                memset
 *fill*         0x08006e96        0x2 
 .text.__libc_init_array
                0x08006e98       0x48 /opt/st/stm32cubeide_2.0.0/plugins/com.st.stm32cube.ide.mcu.externaltools.gnu-tools-for-stm32.13.3.rel1.linux64_1.0.100.202509120712/tools/bin/../lib/gcc/arm-none-eabi/13.3.1/../../../../arm-none-eabi/lib/thumb/v7e-m+dp/hard/libc_nano.a(libc_a-init.o)
                0x08006e98                __libc_init_array
 *(.glue_7)
 .glue_7        0x08006ee0        0x0 linker stubs
 *(.glue_7t)
 .glue_7t       0x08006ee0        0x0 linker stubs
 *(.eh_frame)
 .eh_frame      0x08006ee0        0x0 /opt/st/stm32cubeide_2.0.0/plugins/com.st.stm32cube.ide.mcu.externaltools.gnu-tools-for-stm32.13.3.rel1.linux64_1.0.100.202509120712/tools/bin/../lib/gcc/arm-none-eabi/13.3.1/thumb/v7e-m+dp/hard/crtbegin.o
 *(.init)
 .init          0x08006ee0        0x4 /opt/st/stm32cubeide_2.0.0/plugins/com.st.stm32cube.ide.mcu.externaltools.gnu-tools-for-stm32.13.3.rel1.linux64_1.0.100.202509120712/tools/bin/../lib/gcc/arm-none-eabi/13.3.1/thumb/v7e-m+dp/hard/crti.o
                0x08006ee0                _init
 .init          0x08006ee4        0x8 /opt/st/stm32cubeide_2.0.0/plugins/com.st.stm32cube.ide.mcu.externaltools.gnu-tools-for-stm32.13.3.rel1.linux64_1.0.100.202509120712/tools/bin/../lib/gcc/arm-none-eabi/13.3.1/thumb/v7e-m+dp/hard/crtn.o
 *(.fini)
 .fini          0x08006eec        0x4 /opt/st/stm32cubeide_2.0.0/plugins/com.st.stm32cube.ide.mcu.externaltools.gnu-tools-for-stm32.13.3.rel1.linux64_1.0.100.202509120712/tools/bin/../lib/gcc/arm-none-eabi/13.3.1/thumb/v7e-m+dp/hard/crti.o
                0x08006eec                _fini
 .fini          0x08006ef0        0x8 /opt/st/stm32cubeide_2.0.0/plugins/com.st.stm32cube.ide.mcu.externaltools.gnu-tools-for-stm32.13.3.rel1.linux64_1.0.100.202509120712/tools/bin/../lib/gcc/arm-none-eabi/13.3.1/thumb/v7e-m+dp/hard/crtn.o
                0x08006ef8                        . = ALIGN (0x4)
                0x08006ef8                        _etext = .

.vfp11_veneer   0x08006ef8        0x0
 .vfp11_veneer  0x08006ef8        0x0 linker stubs

.v4_bx          0x08006ef8        0x0
 .v4_bx         0x08006ef8        0x0 linker stubs

.iplt           0x08006ef8        0x0
 .iplt          0x08006ef8        0x0 /opt/st/stm32cubeide_2.0.0/plugins/com.st.stm32cube.ide.mcu.externaltools.gnu-tools-for-stm32.13.3.rel1.linux64_1.0.100.202509120712/tools/bin/../lib/gcc/arm-none-eabi/13.3.1/thumb/v7e-m+dp/hard/crtbegin.o

.rodata         0x08006ef8       0x20
                0x08006ef8                        . = ALIGN (0x4)
 *(.rodata)
 *(.rodata*)
 .rodata.AHBPrescTable
                0x08006ef8       0x10 ./Core/Src/system_stm32f7xx.o
                0x08006ef8                AHBPrescTable
 .rodata.APBPrescTable
                0x08006f08        0x8 ./Core/Src/system_stm32f7xx.o
                0x08006f08                APBPrescTable
 .rodata.flagBitshiftOffset.0
                0x08006f10        0x8 ./Drivers/STM32F7xx_HAL_Driver/Src/stm32f7xx_hal_dma.o
                0x08006f18                        . = ALIGN (0x4)

.ARM.extab      0x08006f18        0x0
                0x08006f18                        . = ALIGN (0x4)
 *(.ARM.extab* .gnu.linkonce.armextab.*)
                0x08006f18                        . = ALIGN (0x4)

.ARM            0x08006f18        0x8
                0x08006f18                        . = ALIGN (0x4)
                0x08006f18                        __exidx_start = .
 *(.ARM.exidx*)
 .ARM.exidx     0x08006f18        0x8 /opt/st/stm32cubeide_2.0.0/plugins/com.st.stm32cube.ide.mcu.externaltools.gnu-tools-for-stm32.13.3.rel1.linux64_1.0.100.202509120712/tools/bin/../lib/gcc/arm-none-eabi/13.3.1/thumb/v7e-m+dp/hard/libgcc.a(_udivmoddi4.o)
                0x08006f20                        __exidx_end = .
                0x08006f20                        . = ALIGN (0x4)

.preinit_array  0x08006f20        0x0
                0x08006f20                        . = ALIGN (0x4)
                0x08006f20                        PROVIDE (__preinit_array_start = .)
 *(.preinit_array*)
                0x08006f20                        PROVIDE (__preinit_array_end = .)
                0x08006f20                        . = ALIGN (0x4)

.init_array     0x08006f20        0x4
                0x08006f20                        . = ALIGN (0x4)
                0x08006f20                        PROVIDE (__init_array_start = .)
 *(SORT_BY_NAME(.init_array.*))
 *(.init_array*)
 .init_array    0x08006f20        0x4 /opt/st/stm32cubeide_2.0.0/plugins/com.st.stm32cube.ide.mcu.externaltools.gnu-tools-for-stm32.13.3.rel1.linux64_1.0.100.202509120712/tools/bin/../lib/gcc/arm-none-eabi/13.3.1/thumb/v7e-m+dp/hard/crtbegin.o
                0x08006f24                        PROVIDE (__init_array_end = .)
                0x08006f24                        . = ALIGN (0x4)

.fini_array     0x08006f24        0x4
                0x08006f24                        . = ALIGN (0x4)
                [!provide]                        PROVIDE (__fini_array_start = .)
 *(SORT_BY_NAME(.fini_array.*))
 *(.fini_array*)
 .fini_array    0x08006f24        0x4 /opt/st/stm32cubeide_2.0.0/plugins/com.st.stm32cube.ide.mcu.externaltools.gnu-tools-for-stm32.13.3.rel1.linux64_1.0.100.202509120712/tools/bin/../lib/gcc/arm-none-eabi/13.3.1/thumb/v7e-m+dp/hard/crtbegin.o
                [!provide]                        PROVIDE (__fini_array_end = .)
                0x08006f28                        . = ALIGN (0x4)
                0x08006f28                        _sidata = LOADADDR (.data)

.rel.dyn        0x08006f28        0x0
 .rel.iplt      0x08006f28        0x0 /opt/st/stm32cubeide_2.0.0/plugins/com.st.stm32cube.ide.mcu.externaltools.gnu-tools-for-stm32.13.3.rel1.linux64_1.0.100.202509120712/tools/bin/../lib/gcc/arm-none-eabi/13.3.1/thumb/v7e-m+dp/hard/crtbegin.o

.data           0x20000000        0xc load address 0x08006f28
                0x20000000                        . = ALIGN (0x4)
                0x20000000                        _sdata = .
 *(.data)
 *(.data*)
 .data.SystemCoreClock
                0x20000000        0x4 ./Core/Src/system_stm32f7xx.o
                0x20000000                SystemCoreClock
 .data.uwTickPrio
                0x20000004        0x4 ./Drivers/STM32F7xx_HAL_Driver/Src/stm32f7xx_hal.o
                0x20000004                uwTickPrio
 .data.uwTickFreq
                0x20000008        0x1 ./Drivers/STM32F7xx_HAL_Driver/Src/stm32f7xx_hal.o
                0x20000008                uwTickFreq
 *(.RamFunc)
 *(.RamFunc*)
                0x2000000c                        . = ALIGN (0x4)
 *fill*         0x20000009        0x3 
                0x2000000c                        _edata = .

.igot.plt       0x2000000c        0x0 load address 0x08006f34
 .igot.plt      0x2000000c        0x0 /opt/st/stm32cubeide_2.0.0/plugins/com.st.stm32cube.ide.mcu.externaltools.gnu-tools-for-stm32.13.3.rel1.linux64_1.0.100.202509120712/tools/bin/../lib/gcc/arm-none-eabi/13.3.1/thumb/v7e-m+dp/hard/crtbegin.o
                0x2000000c                        . = ALIGN (0x4)

.bss            0x2000000c      0x3d4 load address 0x08006f34
                0x2000000c                        _sbss = .
                0x2000000c                        __bss_start__ = _sbss
 *(.bss)
 .bss           0x2000000c       0x1c /opt/st/stm32cubeide_2.0.0/plugins/com.st.stm32cube.ide.mcu.externaltools.gnu-tools-for-stm32.13.3.rel1.linux64_1.0.100.202509120712/tools/bin/../lib/gcc/arm-none-eabi/13.3.1/thumb/v7e-m+dp/hard/crtbegin.o
 *(.bss*)
 .bss.i2c_bus   0x20000028       0x10 ./Core/Src/encplot_main.o
 .bss.hi2c1     0x20000038       0x54 ./Core/Src/i2c.o
                0x20000038                hi2c1
 .bss.hi2c2     0x2000008c       0x54 ./Core/Src/i2c.o
                0x2000008c                hi2c2
 .bss.hi2c3     0x200000e0       0x54 ./Core/Src/i2c.o
                0x200000e0                hi2c3
 .bss.hi2c4     0x20000134       0x54 ./Core/Src/i2c.o
                0x20000134                hi2c4
 .bss.hdma_i2c1_rx
                0x20000188       0x60 ./Core/Src/i2c.o
                0x20000188                hdma_i2c1_rx
 .bss.hdma_i2c2_rx
                0x200001e8       0x60 ./Core/Src/i2c.o
                0x200001e8                hdma_i2c2_rx
 .bss.hdma_i2c3_rx
                0x20000248       0x60 ./Core/Src/i2c.o
                0x20000248                hdma_i2c3_rx
 .bss.hdma_i2c4_rx
                0x200002a8       0x60 ./Core/Src/i2c.o
                0x200002a8                hdma_i2c4_rx
 .bss.htim1     0x20000308       0x4c ./Core/Src/tim.o
                0x20000308                htim1
 .bss.huart3    0x20000354       0x88 ./Core/Src/usart.o
                0x20000354                huart3
 .bss.uwTick    0x200003dc        0x4 ./Drivers/STM32F7xx_HAL_Driver/Src/stm32f7xx_hal.o
                0x200003dc                uwTick
 *(COMMON)
                0x200003e0                        . = ALIGN (0x4)
                0x200003e0                        _ebss = .
                0x200003e0                        __bss_end__ = _ebss

._user_heap_stack
                0x200003e0      0x600 load address 0x08006f34
                0x200003e0                        . = ALIGN (0x8)
                [!provide]                        PROVIDE (end = .)
                0x200003e0                        PROVIDE (_end = .)
                0x200005e0                        . = (. + _Min_Heap_Size)
 *fill*         0x200003e0      0x200 
                0x200009e0                        . = (. + _Min_Stack_Size)
 *fill*         0x200005e0      0x400 
                0x200009e0                        . = ALIGN (0x8)

/DISCARD/
 libc.a(*)
 libm.a(*)
 libgcc.a(*)

.ARM.attributes
                0x00000000       0x2e
 *(.ARM.attributes)
 .ARM.attributes
                0x00000000       0x20 /opt/st/stm32cubeide_2.0.0/plugins/com.st.stm32cube.ide.mcu.externaltools.gnu-tools-for-stm32.13.3.rel1.linux64_1.0.100.202509120712/tools/bin/../lib/gcc/arm-none-eabi/13.3.1/thumb/v7e-m+dp/hard/crti.o
 .ARM.attributes
                0x00000020       0x32 /opt/st/stm32cubeide_2.0.0/plugins/com.st.stm32cube.ide.mcu.externaltools.gnu-tools-for-stm32.13.3.rel1.linux64_1.0.100.202509120712/tools/bin/../lib/gcc/arm-none-eabi/13.3.1/thumb/v7e-m+dp/hard/crtbegin.o
 .ARM.attributes
                0x00000052       0x32 ./Core/Src/dma.o
 .ARM.attributes
                0x00000084       0x32 ./Core/Src/encplot_main.o
 .ARM.attributes
                0x000000b6       0x32 ./Core/Src/gpio.o
 .ARM.attributes
                0x000000e8       0x32 ./Core/Src/i2c.o
 .ARM.attributes
                0x0000011a       0x32 ./Core/Src/main.o
 .ARM.attributes
                0x0000014c       0x32 ./Core/Src/stm32f7xx_hal_msp.o
 .ARM.attributes
                0x0000017e       0x32 ./Core/Src/stm32f7xx_it.o
 .ARM.attributes
                0x000001b0       0x32 ./Core/Src/system_stm32f7xx.o
 .ARM.attributes
                0x000001e2       0x32 ./Core/Src/tim.o
 .ARM.attributes
                0x00000214       0x32 ./Core/Src/usart.o
 .ARM.attributes
                0x00000246       0x21 ./Core/Startup/startup_stm32f767zitx.o
 .ARM.attributes
                0x00000267       0x32 ./Drivers/STM32F7xx_HAL_Driver/Src/stm32f7xx_hal.o
 .ARM.attributes
                0x00000299       0x32 ./Drivers/STM32F7xx_HAL_Driver/Src/stm32f7xx_hal_cortex.o
 .ARM.attributes
                0x000002cb       0x32 ./Drivers/STM32F7xx_HAL_Driver/Src/stm32f7xx_hal_dma.o
 .ARM.attributes
                0x000002fd       0x32 ./Drivers/STM32F7xx_HAL_Driver/Src/stm32f7xx_hal_gpio.o
 .ARM.attributes
                0x0000032f       0x32 ./Drivers/STM32F7xx_HAL_Driver/Src/stm32f7xx_hal_i2c.o
 .ARM.attributes
                0x00000361       0x32 ./Drivers/STM32F7xx_HAL_Driver/Src/stm32f7xx_hal_i2c_ex.o
 .ARM.attributes
                0x00000393       0x32 ./Drivers/STM32F7xx_HAL_Driver/Src/stm32f7xx_hal_pwr.o
 .ARM.attributes
                0x000003c5       0x32 ./Drivers/STM32F7xx_HAL_Driver/Src/stm32f7xx_hal_pwr_ex.o
 .ARM.attributes
                0x000003f7       0x32 ./Drivers/STM32F7xx_HAL_Driver/Src/stm32f7xx_hal_rcc.o
 .ARM.attributes
                0x00000429       0x32 ./Drivers/STM32F7xx_HAL_Driver/Src/stm32f7xx_hal_rcc_ex.o
 .ARM.attributes
                0x0000045b       0x32 ./Drivers/STM32F7xx_HAL_Driver/Src/stm32f7xx_hal_tim.o
 .ARM.attributes
                0x0000048d       0x32 ./Drivers/STM32F7xx_HAL_Driver/Src/stm32f7xx_hal_tim_ex.o
 .ARM.attributes
                0x000004bf       0x32 ./Drivers/STM32F7xx_HAL_Driver/Src/stm32f7xx_hal_uart.o
 .ARM.attributes
                0x000004f1       0x32 /opt/st/stm32cubeide_2.0.0/plugins/com.st.stm32cube.ide.mcu.externaltools.gnu-tools-for-stm32.13.3.rel1.linux64_1.0.100.202509120712/tools/bin/../lib/gcc/arm-none-eabi/13.3.1/../../../../arm-none-eabi/lib/thumb/v7e-m+dp/hard/libc_nano.a(libc_a-memset.o)
 .ARM.attributes
                0x00000523       0x32 /opt/st/stm32cubeide_2.0.0/plugins/com.st.stm32cube.ide.mcu.externaltools.gnu-tools-for-stm32.13.3.rel1.linux64_1.0.100.202509120712/tools/bin/../lib/gcc/arm-none-eabi/13.3.1/../../../../arm-none-eabi/lib/thumb/v7e-m+dp/hard/libc_nano.a(libc_a-init.o)
 .ARM.attributes
                0x00000555       0x20 /opt/st/stm32cubeide_2.0.0/plugins/com.st.stm32cube.ide.mcu.externaltools.gnu-tools-for-stm32.13.3.rel1.linux64_1.0.100.202509120712/tools/bin/../lib/gcc/arm-none-eabi/13.3.1/thumb/v7e-m+dp/hard/libgcc.a(_aeabi_uldivmod.o)
 .ARM.attributes
                0x00000575       0x32 /opt/st/stm32cubeide_2.0.0/plugins/com.st.stm32cube.ide.mcu.externaltools.gnu-tools-for-stm32.13.3.rel1.linux64_1.0.100.202509120712/tools/bin/../lib/gcc/arm-none-eabi/13.3.1/thumb/v7e-m+dp/hard/libgcc.a(_udivmoddi4.o)
 .ARM.attributes
                0x000005a7       0x20 /opt/st/stm32cubeide_2.0.0/plugins/com.st.stm32cube.ide.mcu.externaltools.gnu-tools-for-stm32.13.3.rel1.linux64_1.0.100.202509120712/tools/bin/../lib/gcc/arm-none-eabi/13.3.1/thumb/v7e-m+dp/hard/libgcc.a(_dvmd_tls.o)
 .ARM.attributes
                0x000005c7       0x20 /opt/st/stm32cubeide_2.0.0/plugins/com.st.stm32cube.ide.mcu.externaltools.gnu-tools-for-stm32.13.3.rel1.linux64_1.0.100.202509120712/tools/bin/../lib/gcc/arm-none-eabi/13.3.1/thumb/v7e-m+dp/hard/crtn.o
OUTPUT(PositionPlotter.elf elf32-littlearm)
LOAD linker stubs
LOAD /opt/st/stm32cubeide_2.0.0/plugins/com.st.stm32cube.ide.mcu.externaltools.gnu-tools-for-stm32.13.3.rel1.linux64_1.0.100.202509120712/tools/bin/../lib/gcc/arm-none-eabi/13.3.1/../../../../arm-none-eabi/lib/thumb/v7e-m+dp/hard/libc.a
LOAD /opt/st/stm32cubeide_2.0.0/plugins/com.st.stm32cube.ide.mcu.externaltools.gnu-tools-for-stm32.13.3.rel1.linux64_1.0.100.202509120712/tools/bin/../lib/gcc/arm-none-eabi/13.3.1/../../../../arm-none-eabi/lib/thumb/v7e-m+dp/hard/libm.a
LOAD /opt/st/stm32cubeide_2.0.0/plugins/com.st.stm32cube.ide.mcu.externaltools.gnu-tools-for-stm32.13.3.rel1.linux64_1.0.100.202509120712/tools/bin/../lib/gcc/arm-none-eabi/13.3.1/thumb/v7e-m+dp/hard/libgcc.a

.debug_info     0x00000000    0x15735
 .debug_info    0x00000000      0x573 ./Core/Src/dma.o
 .debug_info    0x00000573      0xd8b ./Core/Src/encplot_main.o
 .debug_info    0x000012fe      0x449 ./Core/Src/gpio.o
 .debug_info    0x00001747     0x10f7 ./Core/Src/i2c.o
 .debug_info    0x0000283e      0x658 ./Core/Src/main.o
 .debug_info    0x00002e96      0x28d ./Core/Src/stm32f7xx_hal_msp.o
 .debug_info    0x00003123      0xf30 ./Core/Src/stm32f7xx_it.o
 .debug_info    0x00004053      0x6ed ./Core/Src/system_stm32f7xx.o
 .debug_info    0x00004740      0xd3f ./Core/Src/tim.o
 .debug_info    0x0000547f      0xf81 ./Core/Src/usart.o
 .debug_info    0x00006400       0x30 ./Core/Startup/startup_stm32f767zitx.o
 .debug_info    0x00006430      0xa4c ./Drivers/STM32F7xx_HAL_Driver/Src/stm32f7xx_hal.o
 .debug_info    0x00006e7c      0xfc0 ./Drivers/STM32F7xx_HAL_Driver/Src/stm32f7xx_hal_cortex.o
 .debug_info    0x00007e3c      0x8e7 ./Drivers/STM32F7xx_HAL_Driver/Src/stm32f7xx_hal_dma.o
 .debug_info    0x00008723      0x6f3 ./Drivers/STM32F7xx_HAL_Driver/Src/stm32f7xx_hal_gpio.o
 .debug_info    0x00008e16     0x2147 ./Drivers/STM32F7xx_HAL_Driver/Src/stm32f7xx_hal_i2c.o
 .debug_info    0x0000af5d      0x92e ./Drivers/STM32F7xx_HAL_Driver/Src/stm32f7xx_hal_i2c_ex.o
 .debug_info    0x0000b88b      0x90e ./Drivers/STM32F7xx_HAL_Driver/Src/stm32f7xx_hal_pwr.o
 .debug_info    0x0000c199      0x8cd ./Drivers/STM32F7xx_HAL_Driver/Src/stm32f7xx_hal_pwr_ex.o
 .debug_info    0x0000ca66      0x94b ./Drivers/STM32F7xx_HAL_Driver/Src/stm32f7xx_hal_rcc.o
 .debug_info    0x0000d3b1      0x6e1 ./Drivers/STM32F7xx_HAL_Driver/Src/stm32f7xx_hal_rcc_ex.o
 .debug_info    0x0000da92     0x2ad5 ./Drivers/STM32F7xx_HAL_Driver/Src/stm32f7xx_hal_tim.o
 .debug_info    0x00010567     0x16bb ./Drivers/STM32F7xx_HAL_Driver/Src/stm32f7xx_hal_tim_ex.o
 .debug_info    0x00011c22     0x3b13 ./Drivers/STM32F7xx_HAL_Driver/Src/stm32f7xx_hal_uart.o

.debug_abbrev   0x00000000     0x2ec0
 .debug_abbrev  0x00000000      0x10e ./Core/Src/dma.o
 .debug_abbrev  0x0000010e      0x223 ./Core/Src/encplot_main.o
 .debug_abbrev  0x00000331      0x152 ./Core/Src/gpio.o
 .debug_abbrev  0x00000483      0x28d ./Core/Src/i2c.o
 .debug_abbrev  0x00000710      0x222 ./Core/Src/main.o
 .debug_abbrev  0x00000932       0xd8 ./Core/Src/stm32f7xx_hal_msp.o
 .debug_abbrev  0x00000a0a      0x1c1 ./Core/Src/stm32f7xx_it.o
 .debug_abbrev  0x00000bcb      0x13b ./Core/Src/system_stm32f7xx.o
 .debug_abbrev  0x00000d06      0x1f7 ./Core/Src/tim.o
 .debug_abbrev  0x00000efd      0x218 ./Core/Src/usart.o
 .debug_abbrev  0x00001115       0x24 ./Core/Startup/startup_stm32f767zitx.o
 .debug_abbrev  0x00001139      0x213 ./Drivers/STM32F7xx_HAL_Driver/Src/stm32f7xx_hal.o
 .debug_abbrev  0x0000134c      0x31e ./Drivers/STM32F7xx_HAL_Driver/Src/stm32f7xx_hal_cortex.o
 .debug_abbrev  0x0000166a      0x264 ./Drivers/STM32F7xx_HAL_Driver/Src/stm32f7xx_hal_dma.o
 .debug_abbrev  0x000018ce      0x1d4 ./Drivers/STM32F7xx_HAL_Driver/Src/stm32f7xx_hal_gpio.o
 .debug_abbrev  0x00001aa2      0x260 ./Drivers/STM32F7xx_HAL_Driver/Src/stm32f7xx_hal_i2c.o
 .debug_abbrev  0x00001d02      0x19c ./Drivers/STM32F7xx_HAL_Driver/Src/stm32f7xx_hal_i2c_ex.o
 .debug_abbrev  0x00001e9e      0x1c5 ./Drivers/STM32F7xx_HAL_Driver/Src/stm32f7xx_hal_pwr.o
 .debug_abbrev  0x00002063      0x1d5 ./Drivers/STM32F7xx_HAL_Driver/Src/stm32f7xx_hal_pwr_ex.o
 .debug_abbrev  0x00002238      0x2de ./Drivers/STM32F7xx_HAL_Driver/Src/stm32f7xx_hal_rcc.o
 .debug_abbrev  0x00002516      0x1c9 ./Drivers/STM32F7xx_HAL_Driver/Src/stm32f7xx_hal_rcc_ex.o
 .debug_abbrev  0x000026df      0x278 ./Drivers/STM32F7xx_HAL_Driver/Src/stm32f7xx_hal_tim.o
 .debug_abbrev  0x00002957      0x283 ./Drivers/STM32F7xx_HAL_Driver/Src/stm32f7xx_hal_tim_ex.o
 .debug_abbrev  0x00002bda      0x2e6 ./Drivers/STM32F7xx_HAL_Driver/Src/stm32f7xx_hal_uart.o

.debug_aranges  0x00000000     0x1230
 .debug_aranges
                0x00000000       0x20 ./Core/Src/dma.o
 .debug_aranges
                0x00000020       0x50 ./Core/Src/encplot_main.o
 .debug_aranges
                0x00000070       0x20 ./Core/Src/gpio.o
 .debug_aranges
                0x00000090       0x48 ./Core/Src/i2c.o
 .debug_aranges
                0x000000d8       0x38 ./Core/Src/main.o
 .debug_aranges
                0x00000110       0x20 ./Core/Src/stm32f7xx_hal_msp.o
 .debug_aranges
                0x00000130       0xd0 ./Core/Src/stm32f7xx_it.o
 .debug_aranges
                0x00000200       0x28 ./Core/Src/system_stm32f7xx.o
 .debug_aranges
                0x00000228       0x30 ./Core/Src/tim.o
 .debug_aranges
                0x00000258       0x30 ./Core/Src/usart.o
 .debug_aranges
                0x00000288       0x28 ./Core/Startup/startup_stm32f767zitx.o
 .debug_aranges
                0x000002b0      0x110 ./Drivers/STM32F7xx_HAL_Driver/Src/stm32f7xx_hal.o
 .debug_aranges
                0x000003c0      0x128 ./Drivers/STM32F7xx_HAL_Driver/Src/stm32f7xx_hal_cortex.o
 .debug_aranges
                0x000004e8       0x90 ./Drivers/STM32F7xx_HAL_Driver/Src/stm32f7xx_hal_dma.o
 .debug_aranges
                0x00000578       0x58 ./Drivers/STM32F7xx_HAL_Driver/Src/stm32f7xx_hal_gpio.o
 .debug_aranges
                0x000005d0      0x2a0 ./Drivers/STM32F7xx_HAL_Driver/Src/stm32f7xx_hal_i2c.o
 .debug_aranges
                0x00000870       0x38 ./Drivers/STM32F7xx_HAL_Driver/Src/stm32f7xx_hal_i2c_ex.o
 .debug_aranges
                0x000008a8       0xa0 ./Drivers/STM32F7xx_HAL_Driver/Src/stm32f7xx_hal_pwr.o
 .debug_aranges
                0x00000948       0x80 ./Drivers/STM32F7xx_HAL_Driver/Src/stm32f7xx_hal_pwr_ex.o
 .debug_aranges
                0x000009c8       0x88 ./Drivers/STM32F7xx_HAL_Driver/Src/stm32f7xx_hal_rcc.o
 .debug_aranges
                0x00000a50       0x50 ./Drivers/STM32F7xx_HAL_Driver/Src/stm32f7xx_hal_rcc_ex.o
 .debug_aranges
                0x00000aa0      0x3e0 ./Drivers/STM32F7xx_HAL_Driver/Src/stm32f7xx_hal_tim.o
 .debug_aranges
                0x00000e80      0x180 ./Drivers/STM32F7xx_HAL_Driver/Src/stm32f7xx_hal_tim_ex.o
 .debug_aranges
                0x00001000      0x230 ./Drivers/STM32F7xx_HAL_Driver/Src/stm32f7xx_hal_uart.o

.debug_rnglists
                0x00000000      0xe2f
 .debug_rnglists
                0x00000000       0x13 ./Core/Src/dma.o
 .debug_rnglists
                0x00000013       0x39 ./Core/Src/encplot_main.o
 .debug_rnglists
                0x0000004c       0x14 ./Core/Src/gpio.o
 .debug_rnglists
                0x00000060       0x37 ./Core/Src/i2c.o
 .debug_rnglists
                0x00000097       0x26 ./Core/Src/main.o
 .debug_rnglists
                0x000000bd       0x13 ./Core/Src/stm32f7xx_hal_msp.o
 .debug_rnglists
                0x000000d0       0x97 ./Core/Src/stm32f7xx_it.o
 .debug_rnglists
                0x00000167       0x1a ./Core/Src/system_stm32f7xx.o
 .debug_rnglists
                0x00000181       0x20 ./Core/Src/tim.o
 .debug_rnglists
                0x000001a1       0x20 ./Core/Src/usart.o
 .debug_rnglists
                0x000001c1       0x19 ./Core/Startup/startup_stm32f767zitx.o
 .debug_rnglists
                0x000001da       0xc7 ./Drivers/STM32F7xx_HAL_Driver/Src/stm32f7xx_hal.o
 .debug_rnglists
                0x000002a1       0xda ./Drivers/STM32F7xx_HAL_Driver/Src/stm32f7xx_hal_cortex.o
 .debug_rnglists
                0x0000037b       0x70 ./Drivers/STM32F7xx_HAL_Driver/Src/stm32f7xx_hal_dma.o
 .debug_rnglists
                0x000003eb       0x3f ./Drivers/STM32F7xx_HAL_Driver/Src/stm32f7xx_hal_gpio.o
 .debug_rnglists
                0x0000042a      0x228 ./Drivers/STM32F7xx_HAL_Driver/Src/stm32f7xx_hal_i2c.o
 .debug_rnglists
                0x00000652       0x27 ./Drivers/STM32F7xx_HAL_Driver/Src/stm32f7xx_hal_i2c_ex.o
 .debug_rnglists
                0x00000679       0x74 ./Drivers/STM32F7xx_HAL_Driver/Src/stm32f7xx_hal_pwr.o
 .debug_rnglists
                0x000006ed       0x5f ./Drivers/STM32F7xx_HAL_Driver/Src/stm32f7xx_hal_pwr_ex.o
 .debug_rnglists
                0x0000074c       0x67 ./Drivers/STM32F7xx_HAL_Driver/Src/stm32f7xx_hal_rcc.o
 .debug_rnglists
                0x000007b3       0x3c ./Drivers/STM32F7xx_HAL_Driver/Src/stm32f7xx_hal_rcc_ex.o
 .debug_rnglists
                0x000007ef      0x328 ./Drivers/STM32F7xx_HAL_Driver/Src/stm32f7xx_hal_tim.o
 .debug_rnglists
                0x00000b17      0x138 ./Drivers/STM32F7xx_HAL_Driver/Src/stm32f7xx_hal_tim_ex.o
 .debug_rnglists
                0x00000c4f      0x1e0 ./Drivers/STM32F7xx_HAL_Driver/Src/stm32f7xx_hal_uart.o

.debug_macro    0x00000000    0x283cb
 .debug_macro   0x00000000      0x1fc ./Core/Src/dma.o
 .debug_macro   0x000001fc      0xaf0 ./Core/Src/dma.o
 .debug_macro   0x00000cec      0x293 ./Core/Src/dma.o
 .debug_macro   0x00000f7f       0x2e ./Core/Src/dma.o
 .debug_macro   0x00000fad       0x3b ./Core/Src/dma.o
 .debug_macro   0x00000fe8       0x22 ./Core/Src/dma.o
 .debug_macro   0x0000100a       0x8e ./Core/Src/dma.o
 .debug_macro   0x00001098       0x51 ./Core/Src/dma.o
 .debug_macro   0x000010e9      0x103 ./Core/Src/dma.o
 .debug_macro   0x000011ec       0x6a ./Core/Src/dma.o
 .debug_macro   0x00001256      0x1df ./Core/Src/dma.o
 .debug_macro   0x00001435       0x1c ./Core/Src/dma.o
 .debug_macro   0x00001451       0x22 ./Core/Src/dma.o
 .debug_macro   0x00001473       0xd9 ./Core/Src/dma.o
 .debug_macro   0x0000154c     0x12cd ./Core/Src/dma.o
 .debug_macro   0x00002819      0x11f ./Core/Src/dma.o
 .debug_macro   0x00002938       0x19 ./Core/Src/dma.o
 .debug_macro   0x00002951    0x1aa23 ./Core/Src/dma.o
 .debug_macro   0x0001d374       0x6d ./Core/Src/dma.o
 .debug_macro   0x0001d3e1     0x375e ./Core/Src/dma.o
 .debug_macro   0x00020b3f      0x190 ./Core/Src/dma.o
 .debug_macro   0x00020ccf       0x63 ./Core/Src/dma.o
 .debug_macro   0x00020d32     0x1add ./Core/Src/dma.o
 .debug_macro   0x0002280f      0x6c4 ./Core/Src/dma.o
 .debug_macro   0x00022ed3      0x18b ./Core/Src/dma.o
 .debug_macro   0x0002305e      0x115 ./Core/Src/dma.o
 .debug_macro   0x00023173      0x26e ./Core/Src/dma.o
 .debug_macro   0x000233e1       0xa5 ./Core/Src/dma.o
 .debug_macro   0x00023486      0x24f ./Core/Src/dma.o
 .debug_macro   0x000236d5       0x71 ./Core/Src/dma.o
 .debug_macro   0x00023746       0x58 ./Core/Src/dma.o
 .debug_macro   0x0002379e      0x236 ./Core/Src/dma.o
 .debug_macro   0x000239d4      0x14e ./Core/Src/dma.o
 .debug_macro   0x00023b22      0x3db ./Core/Src/dma.o
 .debug_macro   0x00023efd       0x12 ./Core/Src/dma.o
 .debug_macro   0x00023f0f      0x22c ./Core/Src/dma.o
 .debug_macro   0x0002413b       0x61 ./Core/Src/dma.o
 .debug_macro   0x0002419c       0xa5 ./Core/Src/dma.o
 .debug_macro   0x00024241      0x12e ./Core/Src/dma.o
 .debug_macro   0x0002436f      0x108 ./Core/Src/dma.o
 .debug_macro   0x00024477       0x35 ./Core/Src/dma.o
 .debug_macro   0x000244ac      0xa91 ./Core/Src/dma.o
 .debug_macro   0x00024f3d       0xa9 ./Core/Src/dma.o
 .debug_macro   0x00024fe6      0x5ba ./Core/Src/dma.o
 .debug_macro   0x000255a0       0x44 ./Core/Src/dma.o
 .debug_macro   0x000255e4      0x15b ./Core/Src/dma.o
 .debug_macro   0x0002573f       0x4c ./Core/Src/dma.o
 .debug_macro   0x0002578b      0x252 ./Core/Src/encplot_main.o
 .debug_macro   0x000259dd      0x1fc ./Core/Src/gpio.o
 .debug_macro   0x00025bd9      0x1fc ./Core/Src/i2c.o
 .debug_macro   0x00025dd5      0x232 ./Core/Src/main.o
 .debug_macro   0x00026007      0x1f2 ./Core/Src/stm32f7xx_hal_msp.o
 .debug_macro   0x000261f9      0x1fc ./Core/Src/stm32f7xx_it.o
 .debug_macro   0x000263f5      0x1e3 ./Core/Src/system_stm32f7xx.o
 .debug_macro   0x000265d8      0x1fc ./Core/Src/tim.o
 .debug_macro   0x000267d4      0x1fc ./Core/Src/usart.o
 .debug_macro   0x000269d0      0x207 ./Drivers/STM32F7xx_HAL_Driver/Src/stm32f7xx_hal.o
 .debug_macro   0x00026bd7      0x1e3 ./Drivers/STM32F7xx_HAL_Driver/Src/stm32f7xx_hal_cortex.o
 .debug_macro   0x00026dba      0x1e9 ./Drivers/STM32F7xx_HAL_Driver/Src/stm32f7xx_hal_dma.o
 .debug_macro   0x00026fa3      0x1e9 ./Drivers/STM32F7xx_HAL_Driver/Src/stm32f7xx_hal_gpio.o
 .debug_macro   0x0002718c      0x2af ./Drivers/STM32F7xx_HAL_Driver/Src/stm32f7xx_hal_i2c.o
 .debug_macro   0x0002743b      0x1e3 ./Drivers/STM32F7xx_HAL_Driver/Src/stm32f7xx_hal_i2c_ex.o
 .debug_macro   0x0002761e      0x201 ./Drivers/STM32F7xx_HAL_Driver/Src/stm32f7xx_hal_pwr.o
 .debug_macro   0x0002781f      0x1fb ./Drivers/STM32F7xx_HAL_Driver/Src/stm32f7xx_hal_pwr_ex.o
 .debug_macro   0x00027a1a      0x207 ./Drivers/STM32F7xx_HAL_Driver/Src/stm32f7xx_hal_rcc.o
 .debug_macro   0x00027c21      0x1e3 ./Drivers/STM32F7xx_HAL_Driver/Src/stm32f7xx_hal_rcc_ex.o
 .debug_macro   0x00027e04      0x1e4 ./Drivers/STM32F7xx_HAL_Driver/Src/stm32f7xx_hal_tim.o
 .debug_macro   0x00027fe8      0x1e3 ./Drivers/STM32F7xx_HAL_Driver/Src/stm32f7xx_hal_tim_ex.o
 .debug_macro   0x000281cb      0x200 ./Drivers/STM32F7xx_HAL_Driver/Src/stm32f7xx_hal_uart.o

.debug_line     0x00000000    0x17171
 .debug_line    0x00000000      0x6bc ./Core/Src/dma.o
 .debug_line    0x000006bc      0x8b9 ./Core/Src/encplot_main.o
 .debug_line    0x00000f75      0x6d5 ./Core/Src/gpio.o
 .debug_line    0x0000164a      0xa0c ./Core/Src/i2c.o
 .debug_line    0x00002056      0x7c5 ./Core/Src/main.o
 .debug_line    0x0000281b      0x6ba ./Core/Src/stm32f7xx_hal_msp.o
 .debug_line    0x00002ed5      0x8b9 ./Core/Src/stm32f7xx_it.o
 .debug_line    0x0000378e      0x72e ./Core/Src/system_stm32f7xx.o
 .debug_line    0x00003ebc      0x738 ./Core/Src/tim.o
 .debug_line    0x000045f4      0x746 ./Core/Src/usart.o
 .debug_line    0x00004d3a       0x7a ./Core/Startup/startup_stm32f767zitx.o
 .debug_line    0x00004db4      0xa11 ./Drivers/STM32F7xx_HAL_Driver/Src/stm32f7xx_hal.o
 .debug_line    0x000057c5      0xc61 ./Drivers/STM32F7xx_HAL_Driver/Src/stm32f7xx_hal_cortex.o
 .debug_line    0x00006426      0xf2e ./Drivers/STM32F7xx_HAL_Driver/Src/stm32f7xx_hal_dma.o
 .debug_line    0x00007354      0xb3b ./Drivers/STM32F7xx_HAL_Driver/Src/stm32f7xx_hal_gpio.o
 .debug_line    0x00007e8f     0x3718 ./Drivers/STM32F7xx_HAL_Driver/Src/stm32f7xx_hal_i2c.o
 .debug_line    0x0000b5a7      0x78c ./Drivers/STM32F7xx_HAL_Driver/Src/stm32f7xx_hal_i2c_ex.o
 .debug_line    0x0000bd33      0x8e1 ./Drivers/STM32F7xx_HAL_Driver/Src/stm32f7xx_hal_pwr.o
 .debug_line    0x0000c614      0x9b1 ./Drivers/STM32F7xx_HAL_Driver/Src/stm32f7xx_hal_pwr_ex.o
 .debug_line    0x0000cfc5      0xf18 ./Drivers/STM32F7xx_HAL_Driver/Src/stm32f7xx_hal_rcc.o
 .debug_line    0x0000dedd      0xe64 ./Drivers/STM32F7xx_HAL_Driver/Src/stm32f7xx_hal_rcc_ex.o
 .debug_line    0x0000ed41     0x3c7c ./Drivers/STM32F7xx_HAL_Driver/Src/stm32f7xx_hal_tim.o
 .debug_line    0x000129bd     0x1ae7 ./Drivers/STM32F7xx_HAL_Driver/Src/stm32f7xx_hal_tim_ex.o
 .debug_line    0x000144a4     0x2ccd ./Drivers/STM32F7xx_HAL_Driver/Src/stm32f7xx_hal_uart.o

.debug_str      0x00000000    0xf946c
 .debug_str     0x00000000    0xf946c ./Core/Src/dma.o
                              0xf459c (size before relaxing)
 .debug_str     0x000f946c        0x0 ./Core/Src/encplot_main.o
                              0xf47e9 (size before relaxing)
 .debug_str     0x000f946c        0x0 ./Core/Src/gpio.o
                              0xf3ff9 (size before relaxing)
 .debug_str     0x000f946c        0x0 ./Core/Src/i2c.o
                              0xf4f3b (size before relaxing)
 .debug_str     0x000f946c        0x0 ./Core/Src/main.o
                              0xf42d9 (size before relaxing)
 .debug_str     0x000f946c        0x0 ./Core/Src/stm32f7xx_hal_msp.o
                              0xf3f2e (size before relaxing)
 .debug_str     0x000f946c        0x0 ./Core/Src/stm32f7xx_it.o
                              0xf4af0 (size before relaxing)
 .debug_str     0x000f946c        0x0 ./Core/Src/system_stm32f7xx.o
                              0xf3fa1 (size before relaxing)
 .debug_str     0x000f946c        0x0 ./Core/Src/tim.o
                              0xf4cab (size before relaxing)
 .debug_str     0x000f946c        0x0 ./Core/Src/usart.o
                              0xf4e29 (size before relaxing)
 .debug_str     0x000f946c        0x0 ./Core/Startup/startup_stm32f767zitx.o
                                 0x89 (size before relaxing)
 .debug_str     0x000f946c        0x0 ./Drivers/STM32F7xx_HAL_Driver/Src/stm32f7xx_hal.o
                              0xf49e1 (size before relaxing)
 .debug_str     0x000f946c        0x0 ./Drivers/STM32F7xx_HAL_Driver/Src/stm32f7xx_hal_cortex.o
                              0xf49c3 (size before relaxing)
 .debug_str     0x000f946c        0x0 ./Drivers/STM32F7xx_HAL_Driver/Src/stm32f7xx_hal_dma.o
                              0xf42e0 (size before relaxing)
 .debug_str     0x000f946c        0x0 ./Drivers/STM32F7xx_HAL_Driver/Src/stm32f7xx_hal_gpio.o
                              0xf405f (size before relaxing)
 .debug_str     0x000f946c        0x0 ./Drivers/STM32F7xx_HAL_Driver/Src/stm32f7xx_hal_i2c.o
                              0xf51b4 (size before relaxing)
 .debug_str     0x000f946c        0x0 ./Drivers/STM32F7xx_HAL_Driver/Src/stm32f7xx_hal_i2c_ex.o
                              0xf4433 (size before relaxing)
 .debug_str     0x000f946c        0x0 ./Drivers/STM32F7xx_HAL_Driver/Src/stm32f7xx_hal_pwr.o
                              0xf4242 (size before relaxing)
 .debug_str     0x000f946c        0x0 ./Drivers/STM32F7xx_HAL_Driver/Src/stm32f7xx_hal_pwr_ex.o
                              0xf4210 (size before relaxing)
 .debug_str     0x000f946c        0x0 ./Drivers/STM32F7xx_HAL_Driver/Src/stm32f7xx_hal_rcc.o
                              0xf431c (size before relaxing)
 .debug_str     0x000f946c        0x0 ./Drivers/STM32F7xx_HAL_Driver/Src/stm32f7xx_hal_rcc_ex.o
                              0xf427f (size before relaxing)
 .debug_str     0x000f946c        0x0 ./Drivers/STM32F7xx_HAL_Driver/Src/stm32f7xx_hal_tim.o
                              0xf52c4 (size before relaxing)
 .debug_str     0x000f946c        0x0 ./Drivers/STM32F7xx_HAL_Driver/Src/stm32f7xx_hal_tim_ex.o
                              0xf4bca (size before relaxing)
 .debug_str     0x000f946c        0x0 ./Drivers/STM32F7xx_HAL_Driver/Src/stm32f7xx_hal_uart.o
                              0xf4c6a (size before relaxing)

.comment        0x00000000       0x43
 .comment       0x00000000       0x43 ./Core/Src/dma.o
                                 0x44 (size before relaxing)
 .comment       0x00000043        0x0 ./Core/Src/encplot_main.o
                                 0x44 (size before relaxing)
 .comment       0x00000043        0x0 ./Core/Src/gpio.o
                                 0x44 (size before relaxing)
 .comment       0x00000043        0x0 ./Core/Src/i2c.o
                                 0x44 (size before relaxing)
 .comment       0x00000043        0x0 ./Core/Src/main.o
                                 0x44 (size before relaxing)
 .comment       0x00000043        0x0 ./Core/Src/stm32f7xx_hal_msp.o
                                 0x44 (size before relaxing)
 .comment       0x00000043        0x0 ./Core/Src/stm32f7xx_it.o
                                 0x44 (size before relaxing)
 .comment       0x00000043        0x0 ./Core/Src/system_stm32f7xx.o
                                 0x44 (size before relaxing)
 .comment       0x00000043        0x0 ./Core/Src/tim.o
                                 0x44 (size before relaxing)
 .comment       0x00000043        0x0 ./Core/Src/usart.o
                                 0x44 (size before relaxing)
 .comment       0x00000043        0x0 ./Drivers/STM32F7xx_HAL_Driver/Src/stm32f7xx_hal.o
                                 0x44 (size before relaxing)
 .comment       0x00000043        0x0 ./Drivers/STM32F7xx_HAL_Driver/Src/stm32f7xx_hal_cortex.o
                                 0x44 (size before relaxing)
 .comment       0x00000043        0x0 ./Drivers/STM32F7xx_HAL_Driver/Src/stm32f7xx_hal_dma.o
                                 0x44 (size before relaxing)
 .comment       0x00000043        0x0 ./Drivers/STM32F7xx_HAL_Driver/Src/stm32f7xx_hal_gpio.o
                                 0x44 (size before relaxing)
 .comment       0x00000043        0x0 ./Drivers/STM32F7xx_HAL_Driver/Src/stm32f7xx_hal_i2c.o
                                 0x44 (size before relaxing)
 .comment       0x00000043        0x0 ./Drivers/STM32F7xx_HAL_Driver/Src/stm32f7xx_hal_i2c_ex.o
                                 0x44 (size before relaxing)
 .comment       0x00000043        0x0 ./Drivers/STM32F7xx_HAL_Driver/Src/stm32f7xx_hal_pwr.o
                                 0x44 (size before relaxing)
 .comment       0x00000043        0x0 ./Drivers/STM32F7xx_HAL_Driver/Src/stm32f7xx_hal_pwr_ex.o
                                 0x44 (size before relaxing)
 .comment       0x00000043        0x0 ./Drivers/STM32F7xx_HAL_Driver/Src/stm32f7xx_hal_rcc.o
                                 0x44 (size before relaxing)
 .comment       0x00000043        0x0 ./Drivers/STM32F7xx_HAL_Driver/Src/stm32f7xx_hal_rcc_ex.o
                                 0x44 (size before relaxing)
 .comment       0x00000043        0x0 ./Drivers/STM32F7xx_HAL_Driver/Src/stm32f7xx_hal_tim.o
                                 0x44 (size before relaxing)
 .comment       0x00000043        0x0 ./Drivers/STM32F7xx_HAL_Driver/Src/stm32f7xx_hal_tim_ex.o
                                 0x44 (size before relaxing)
 .comment       0x00000043        0x0 ./Drivers/STM32F7xx_HAL_Driver/Src/stm32f7xx_hal_uart.o
                                 0x44 (size before relaxing)

.debug_frame    0x00000000     0x4aec
 .debug_frame   0x00000000       0x34 ./Core/Src/dma.o
 .debug_frame   0x00000034      0x108 ./Core/Src/encplot_main.o
 .debug_frame   0x0000013c       0x34 ./Core/Src/gpio.o
 .debug_frame   0x00000170       0xcc ./Core/Src/i2c.o
 .debug_frame   0x0000023c       0x8c ./Core/Src/main.o
 .debug_frame   0x000002c8       0x38 ./Core/Src/stm32f7xx_hal_msp.o
 .debug_frame   0x00000300      0x28c ./Core/Src/stm32f7xx_it.o
 .debug_frame   0x0000058c       0x58 ./Core/Src/system_stm32f7xx.o
 .debug_frame   0x000005e4       0x7c ./Core/Src/tim.o
 .debug_frame   0x00000660       0x78 ./Core/Src/usart.o
 .debug_frame   0x000006d8      0x3f4 ./Drivers/STM32F7xx_HAL_Driver/Src/stm32f7xx_hal.o
 .debug_frame   0x00000acc      0x4e8 ./Drivers/STM32F7xx_HAL_Driver/Src/stm32f7xx_hal_cortex.o
 .debug_frame   0x00000fb4      0x250 ./Drivers/STM32F7xx_HAL_Driver/Src/stm32f7xx_hal_dma.o
 .debug_frame   0x00001204      0x14c ./Drivers/STM32F7xx_HAL_Driver/Src/stm32f7xx_hal_gpio.o
 .debug_frame   0x00001350      0xc38 ./Drivers/STM32F7xx_HAL_Driver/Src/stm32f7xx_hal_i2c.o
 .debug_frame   0x00001f88       0xb0 ./Drivers/STM32F7xx_HAL_Driver/Src/stm32f7xx_hal_i2c_ex.o
 .debug_frame   0x00002038      0x254 ./Drivers/STM32F7xx_HAL_Driver/Src/stm32f7xx_hal_pwr.o
 .debug_frame   0x0000228c      0x1c8 ./Drivers/STM32F7xx_HAL_Driver/Src/stm32f7xx_hal_pwr_ex.o
 .debug_frame   0x00002454      0x1f8 ./Drivers/STM32F7xx_HAL_Driver/Src/stm32f7xx_hal_rcc.o
 .debug_frame   0x0000264c      0x118 ./Drivers/STM32F7xx_HAL_Driver/Src/stm32f7xx_hal_rcc_ex.o
 .debug_frame   0x00002764     0x121c ./Drivers/STM32F7xx_HAL_Driver/Src/stm32f7xx_hal_tim.o
 .debug_frame   0x00003980      0x6b0 ./Drivers/STM32F7xx_HAL_Driver/Src/stm32f7xx_hal_tim_ex.o
 .debug_frame   0x00004030      0xa10 ./Drivers/STM32F7xx_HAL_Driver/Src/stm32f7xx_hal_uart.o
 .debug_frame   0x00004a40       0x20 /opt/st/stm32cubeide_2.0.0/plugins/com.st.stm32cube.ide.mcu.externaltools.gnu-tools-for-stm32.13.3.rel1.linux64_1.0.100.202509120712/tools/bin/../lib/gcc/arm-none-eabi/13.3.1/../../../../arm-none-eabi/lib/thumb/v7e-m+dp/hard/libc_nano.a(libc_a-memset.o)
 .debug_frame   0x00004a60       0x2c /opt/st/stm32cubeide_2.0.0/plugins/com.st.stm32cube.ide.mcu.externaltools.gnu-tools-for-stm32.13.3.rel1.linux64_1.0.100.202509120712/tools/bin/../lib/gcc/arm-none-eabi/13.3.1/../../../../arm-none-eabi/lib/thumb/v7e-m+dp/hard/libc_nano.a(libc_a-init.o)
 .debug_frame   0x00004a8c       0x2c /opt/st/stm32cubeide_2.0.0/plugins/com.st.stm32cube.ide.mcu.externaltools.gnu-tools-for-stm32.13.3.rel1.linux64_1.0.100.202509120712/tools/bin/../lib/gcc/arm-none-eabi/13.3.1/thumb/v7e-m+dp/hard/libgcc.a(_aeabi_uldivmod.o)
 .debug_frame   0x00004ab8       0x34 /opt/st/stm32cubeide_2.0.0/plugins/com.st.stm32cube.ide.mcu.externaltools.gnu-tools-for-stm32.13.3.rel1.linux64_1.0.100.202509120712/tools/bin/../lib/gcc/arm-none-eabi/13.3.1/thumb/v7e-m+dp/hard/libgcc.a(_udivmoddi4.o)

.debug_line_str
                0x00000000       0x6d
 .debug_line_str
                0x00000000       0x6d ./Core/Startup/startup_stm32f767zitx.o
